Component: ARM Compiler 5.06 update 6 (build 750) Tool: armlink [4d35ed]

==============================================================================

Section Cross References

    startup_stm32l476xx.o(STACK) refers (Special) to heapauxi.o(.text) for __use_two_region_memory
    startup_stm32l476xx.o(HEAP) refers (Special) to heapauxi.o(.text) for __use_two_region_memory
    startup_stm32l476xx.o(RESET) refers (Special) to heapauxi.o(.text) for __use_two_region_memory
    startup_stm32l476xx.o(RESET) refers to startup_stm32l476xx.o(STACK) for __initial_sp
    startup_stm32l476xx.o(RESET) refers to startup_stm32l476xx.o(.text) for Reset_Handler
    startup_stm32l476xx.o(RESET) refers to stm32l4xx_it.o(i.NMI_Handler) for NMI_Handler
    startup_stm32l476xx.o(RESET) refers to stm32l4xx_it.o(i.HardFault_Handler) for HardFault_Handler
    startup_stm32l476xx.o(RESET) refers to stm32l4xx_it.o(i.MemManage_Handler) for MemManage_Handler
    startup_stm32l476xx.o(RESET) refers to stm32l4xx_it.o(i.BusFault_Handler) for BusFault_Handler
    startup_stm32l476xx.o(RESET) refers to stm32l4xx_it.o(i.UsageFault_Handler) for UsageFault_Handler
    startup_stm32l476xx.o(RESET) refers to stm32l4xx_it.o(i.SVC_Handler) for SVC_Handler
    startup_stm32l476xx.o(RESET) refers to stm32l4xx_it.o(i.DebugMon_Handler) for DebugMon_Handler
    startup_stm32l476xx.o(RESET) refers to stm32l4xx_it.o(i.PendSV_Handler) for PendSV_Handler
    startup_stm32l476xx.o(RESET) refers to stm32l4xx_it.o(i.SysTick_Handler) for SysTick_Handler
    startup_stm32l476xx.o(RESET) refers to stm32l4xx_it.o(i.TIM4_IRQHandler) for TIM4_IRQHandler
    startup_stm32l476xx.o(RESET) refers to stm32l4xx_it.o(i.USART1_IRQHandler) for USART1_IRQHandler
    startup_stm32l476xx.o(.text) refers (Special) to heapauxi.o(.text) for __use_two_region_memory
    startup_stm32l476xx.o(.text) refers to system_stm32l4xx.o(i.SystemInit) for SystemInit
    startup_stm32l476xx.o(.text) refers to __main.o(!!!main) for __main
    startup_stm32l476xx.o(.text) refers to startup_stm32l476xx.o(HEAP) for Heap_Mem
    startup_stm32l476xx.o(.text) refers to startup_stm32l476xx.o(STACK) for Stack_Mem
    main.o(i.HAL_TIM_PeriodElapsedCallback) refers to main.o(.bss) for .bss
    main.o(i.HAL_TIM_PeriodElapsedCallback) refers to main.o(.data) for .data
    main.o(i.HAL_UART_RxCpltCallback) refers to usart_telemetry.o(i.telem_rx_callback) for telem_rx_callback
    main.o(i.MX_GPIO_Init) refers to rt_memclr_w.o(.text) for __aeabi_memclr4
    main.o(i.MX_GPIO_Init) refers to stm32l4xx_hal_gpio.o(i.HAL_GPIO_WritePin) for HAL_GPIO_WritePin
    main.o(i.MX_GPIO_Init) refers to stm32l4xx_hal_gpio.o(i.HAL_GPIO_Init) for HAL_GPIO_Init
    main.o(i.MX_TIM1_Init) refers to rt_memclr_w.o(.text) for __aeabi_memclr4
    main.o(i.MX_TIM1_Init) refers to stm32l4xx_hal_tim.o(i.HAL_TIM_PWM_Init) for HAL_TIM_PWM_Init
    main.o(i.MX_TIM1_Init) refers to stm32l4xx_hal_tim_ex.o(i.HAL_TIMEx_MasterConfigSynchronization) for HAL_TIMEx_MasterConfigSynchronization
    main.o(i.MX_TIM1_Init) refers to stm32l4xx_hal_tim.o(i.HAL_TIM_PWM_ConfigChannel) for HAL_TIM_PWM_ConfigChannel
    main.o(i.MX_TIM1_Init) refers to stm32l4xx_hal_tim_ex.o(i.HAL_TIMEx_ConfigBreakDeadTime) for HAL_TIMEx_ConfigBreakDeadTime
    main.o(i.MX_TIM1_Init) refers to stm32l4xx_hal_msp.o(i.HAL_TIM_MspPostInit) for HAL_TIM_MspPostInit
    main.o(i.MX_TIM1_Init) refers to main.o(.bss) for .bss
    main.o(i.MX_TIM2_Init) refers to rt_memclr_w.o(.text) for __aeabi_memclr4
    main.o(i.MX_TIM2_Init) refers to stm32l4xx_hal_tim.o(i.HAL_TIM_Encoder_Init) for HAL_TIM_Encoder_Init
    main.o(i.MX_TIM2_Init) refers to stm32l4xx_hal_tim_ex.o(i.HAL_TIMEx_MasterConfigSynchronization) for HAL_TIMEx_MasterConfigSynchronization
    main.o(i.MX_TIM2_Init) refers to main.o(.bss) for .bss
    main.o(i.MX_TIM3_Init) refers to rt_memclr_w.o(.text) for __aeabi_memclr4
    main.o(i.MX_TIM3_Init) refers to stm32l4xx_hal_tim.o(i.HAL_TIM_Encoder_Init) for HAL_TIM_Encoder_Init
    main.o(i.MX_TIM3_Init) refers to stm32l4xx_hal_tim_ex.o(i.HAL_TIMEx_MasterConfigSynchronization) for HAL_TIMEx_MasterConfigSynchronization
    main.o(i.MX_TIM3_Init) refers to main.o(.bss) for .bss
    main.o(i.MX_TIM4_Init) refers to stm32l4xx_hal_tim.o(i.HAL_TIM_Base_Init) for HAL_TIM_Base_Init
    main.o(i.MX_TIM4_Init) refers to stm32l4xx_hal_tim.o(i.HAL_TIM_ConfigClockSource) for HAL_TIM_ConfigClockSource
    main.o(i.MX_TIM4_Init) refers to stm32l4xx_hal_tim_ex.o(i.HAL_TIMEx_MasterConfigSynchronization) for HAL_TIMEx_MasterConfigSynchronization
    main.o(i.MX_TIM4_Init) refers to main.o(.bss) for .bss
    main.o(i.MX_USART1_UART_Init) refers to stm32l4xx_hal_uart.o(i.HAL_UART_Init) for HAL_UART_Init
    main.o(i.MX_USART1_UART_Init) refers to main.o(.bss) for .bss
    main.o(i.SystemClock_Config) refers to rt_memclr_w.o(.text) for __aeabi_memclr4
    main.o(i.SystemClock_Config) refers to stm32l4xx_hal_pwr_ex.o(i.HAL_PWREx_ControlVoltageScaling) for HAL_PWREx_ControlVoltageScaling
[...]
    ..\Drivers\STM32L4xx_HAL_Driver\Src\stm32l4xx_hal_tim_ex.c 0x00000000   Number         0  stm32l4xx_hal_tim_ex.o ABSOLUTE
    ..\Drivers\STM32L4xx_HAL_Driver\Src\stm32l4xx_hal_uart.c 0x00000000   Number         0  stm32l4xx_hal_uart.o ABSOLUTE
    ..\Drivers\STM32L4xx_HAL_Driver\Src\stm32l4xx_hal_uart_ex.c 0x00000000   Number         0  stm32l4xx_hal_uart_ex.o ABSOLUTE
    ..\Libs\motor_control.c                  0x00000000   Number         0  motor_control.o ABSOLUTE
    ..\Libs\motor_encoder.c                  0x00000000   Number         0  motor_encoder.o ABSOLUTE
    ..\Libs\moving_average.c                 0x00000000   Number         0  moving_average.o ABSOLUTE
    ..\Libs\pid_control.c                    0x00000000   Number         0  pid_control.o ABSOLUTE
    ..\Libs\robot_control.c                  0x00000000   Number         0  robot_control.o ABSOLUTE
    ..\Libs\usart_telemetry.c                0x00000000   Number         0  usart_telemetry.o ABSOLUTE
    ..\\Libs\\motor_control.c                0x00000000   Number         0  motor_control.o ABSOLUTE
    ..\\Libs\\motor_encoder.c                0x00000000   Number         0  motor_encoder.o ABSOLUTE
    ..\\Libs\\moving_average.c               0x00000000   Number         0  moving_average.o ABSOLUTE
    ..\\Libs\\pid_control.c                  0x00000000   Number         0  pid_control.o ABSOLUTE
    ..\\Libs\\robot_control.c                0x00000000   Number         0  robot_control.o ABSOLUTE
    ..\\Libs\\usart_telemetry.c              0x00000000   Number         0  usart_telemetry.o ABSOLUTE
    dc.s                                     0x00000000   Number         0  dc.o ABSOLUTE
    startup_stm32l476xx.s                    0x00000000   Number         0  startup_stm32l476xx.o ABSOLUTE
    RESET                                    0x08000000   Section      392  startup_stm32l476xx.o(RESET)
    !!!main                                  0x08000188   Section        8  __main.o(!!!main)
    !!!scatter                               0x08000190   Section       52  __scatter.o(!!!scatter)
    !!handler_copy                           0x080001c4   Section       26  __scatter_copy.o(!!handler_copy)
    !!handler_zi                             0x080001e0   Section       28  __scatter_zi.o(!!handler_zi)
    .ARM.Collect$$libinit$$00000000          0x080001fc   Section        2  libinit.o(.ARM.Collect$$libinit$$00000000)
    .ARM.Collect$$libinit$$00000001          0x080001fe   Section        4  libinit2.o(.ARM.Collect$$libinit$$00000001)
    .ARM.Collect$$libinit$$00000004          0x08000202   Section        0  libinit2.o(.ARM.Collect$$libinit$$00000004)
    .ARM.Collect$$libinit$$0000000A          0x08000202   Section        0  libinit2.o(.ARM.Collect$$libinit$$0000000A)
    .ARM.Collect$$libinit$$0000000C          0x08000202   Section        0  libinit2.o(.ARM.Collect$$libinit$$0000000C)
    .ARM.Collect$$libinit$$0000000E          0x08000202   Section        0  libinit2.o(.ARM.Collect$$libinit$$0000000E)
    .ARM.Collect$$libinit$$00000011          0x08000202   Section        0  libinit2.o(.ARM.Collect$$libinit$$00000011)
    .ARM.Collect$$libinit$$00000013          0x08000202   Section        0  libinit2.o(.ARM.Collect$$libinit$$00000013)
    .ARM.Collect$$libinit$$00000015          0x08000202   Section        0  libinit2.o(.ARM.Collect$$libinit$$00000015)
    .ARM.Collect$$libinit$$00000017          0x08000202   Section        0  libinit2.o(.ARM.Collect$$libinit$$00000017)
    .ARM.Collect$$libinit$$00000019          0x08000202   Section        0  libinit2.o(.ARM.Collect$$libinit$$00000019)
    .ARM.Collect$$libinit$$0000001B          0x08000202   Section        0  libinit2.o(.ARM.Collect$$libinit$$0000001B)
    .ARM.Collect$$libinit$$0000001D          0x08000202   Section        0  libinit2.o(.ARM.Collect$$libinit$$0000001D)
    .ARM.Collect$$libinit$$0000001F          0x08000202   Section        0  libinit2.o(.ARM.Collect$$libinit$$0000001F)
    .ARM.Collect$$libinit$$00000021          0x08000202   Section        0  libinit2.o(.ARM.Collect$$libinit$$00000021)
    .ARM.Collect$$libinit$$00000023          0x08000202   Section        0  libinit2.o(.ARM.Collect$$libinit$$00000023)
    .ARM.Collect$$libinit$$00000025          0x08000202   Section        0  libinit2.o(.ARM.Collect$$libinit$$00000025)
    .ARM.Collect$$libinit$$0000002C          0x08000202   Section        0  libinit2.o(.ARM.Collect$$libinit$$0000002C)
    .ARM.Collect$$libinit$$0000002E          0x08000202   Section        0  libinit2.o(.ARM.Collect$$libinit$$0000002E)
    .ARM.Collect$$libinit$$00000030          0x08000202   Section        0  libinit2.o(.ARM.Collect$$libinit$$00000030)
    .ARM.Collect$$libinit$$00000032          0x08000202   Section        0  libinit2.o(.ARM.Collect$$libinit$$00000032)
    .ARM.Collect$$libinit$$00000033          0x08000202   Section        2  libinit2.o(.ARM.Collect$$libinit$$00000033)
    .ARM.Collect$$libshutdown$$00000000      0x08000204   Section        2  libshutdown.o(.ARM.Collect$$libshutdown$$00000000)
    .ARM.Collect$$libshutdown$$00000002      0x08000206   Section        0  libshutdown2.o(.ARM.Collect$$libshutdown$$00000002)
    .ARM.Collect$$libshutdown$$00000004      0x08000206   Section        0  libshutdown2.o(.ARM.Collect$$libshutdown$$00000004)
    .ARM.Collect$$libshutdown$$00000007      0x08000206   Section        0  libshutdown2.o(.ARM.Collect$$libshutdown$$00000007)
    .ARM.Collect$$libshutdown$$0000000A      0x08000206   Section        0  libshutdown2.o(.ARM.Collect$$libshutdown$$0000000A)
    .ARM.Collect$$libshutdown$$0000000C      0x08000206   Section        0  libshutdown2.o(.ARM.Collect$$libshutdown$$0000000C)
    .ARM.Collect$$libshutdown$$0000000F      0x08000206   Section        0  libshutdown2.o(.ARM.Collect$$libshutdown$$0000000F)
    .ARM.Collect$$libshutdown$$00000010      0x08000206   Section        2  libshutdown2.o(.ARM.Collect$$libshutdown$$00000010)
    .ARM.Collect$$rtentry$$00000000          0x08000208   Section        0  __rtentry.o(.ARM.Collect$$rtentry$$00000000)
    .ARM.Collect$$rtentry$$00000002          0x08000208   Section        0  __rtentry2.o(.ARM.Collect$$rtentry$$00000002)
    .ARM.Collect$$rtentry$$00000004          0x08000208   Section        6  __rtentry4.o(.ARM.Collect$$rtentry$$00000004)
    .ARM.Collect$$rtentry$$00000009          0x0800020e   Section        0  __rtentry2.o(.ARM.Collect$$rtentry$$00000009)
    .ARM.Collect$$rtentry$$0000000A          0x0800020e   Section        4  __rtentry2.o(.ARM.Collect$$rtentry$$0000000A)
    .ARM.Collect$$rtentry$$0000000C          0x08000212   Section        0  __rtentry2.o(.ARM.Collect$$rtentry$$0000000C)
    .ARM.Collect$$rtentry$$0000000D          0x08000212   Section        8  __rtentry2.o(.ARM.Collect$$rtentry$$0000000D)
    .ARM.Collect$$rtexit$$00000000           0x0800021a   Section        2  rtexit.o(.ARM.Collect$$rtexit$$00000000)
    .ARM.Collect$$rtexit$$00000002           0x0800021c   Section        0  rtexit2.o(.ARM.Collect$$rtexit$$00000002)
    .ARM.Collect$$rtexit$$00000003           0x0800021c   Section        4  rtexit2.o(.ARM.Collect$$rtexit$$00000003)
    .ARM.Collect$$rtexit$$00000004           0x08000220   Section        6  rtexit2.o(.ARM.Collect$$rtexit$$00000004)
    .text                                    0x08000228   Section       64  startup_stm32l476xx.o(.text)
    $v0                                      0x08000228   Number         0  startup_stm32l476xx.o(.text)
    .text                                    0x08000268   Section      238  lludivv7m.o(.text)
    .text                                    0x08000356   Section      138  rt_memcpy_v6.o(.text)
    .text                                    0x080003e0   Section       78  rt_memclr_w.o(.text)
    .text                                    0x0800042e   Section        0  heapauxi.o(.text)
    .text                                    0x08000434   Section      100  rt_memcpy_w.o(.text)
    .text                                    0x08000498   Section       74  sys_stackheap_outer.o(.text)
    .text                                    0x080004e2   Section        0  exit.o(.text)
    .text                                    0x080004f4   Section        8  libspace.o(.text)
    .text                                    0x080004fc   Section        0  sys_exit.o(.text)
    .text                                    0x08000508   Section        2  use_no_semi.o(.text)
    .text                                    0x0800050a   Section        0  indicate_semi.o(.text)
    i.BusFault_Handler                       0x0800050a   Section        0  stm32l4xx_it.o(i.BusFault_Handler)
    i.DebugMon_Handler                       0x0800050c   Section        0  stm32l4xx_it.o(i.DebugMon_Handler)
    i.Error_Handler                          0x0800050e   Section        0  main.o(i.Error_Handler)
    i.HAL_DMA_Abort                          0x08000512   Section        0  stm32l4xx_hal_dma.o(i.HAL_DMA_Abort)
    i.HAL_DMA_Abort_IT                       0x0800055e   Section        0  stm32l4xx_hal_dma.o(i.HAL_DMA_Abort_IT)
    i.HAL_GPIO_Init                          0x080005ac   Section        0  stm32l4xx_hal_gpio.o(i.HAL_GPIO_Init)
    i.HAL_GPIO_WritePin                      0x080007ca   Section        0  stm32l4xx_hal_gpio.o(i.HAL_GPIO_WritePin)
    i.HAL_GetTick                            0x080007d4   Section        0  stm32l4xx_hal.o(i.HAL_GetTick)
    i.HAL_IncTick                            0x080007e0   Section        0  stm32l4xx_hal.o(i.HAL_IncTick)
    i.HAL_Init                               0x080007f0   Section        0  stm32l4xx_hal.o(i.HAL_Init)
    i.HAL_InitTick                           0x08000810   Section        0  stm32l4xx_hal.o(i.HAL_InitTick)
    i.HAL_MspInit                            0x08000854   Section        0  stm32l4xx_hal_msp.o(i.HAL_MspInit)
    i.HAL_NVIC_EnableIRQ                     0x08000880   Section        0  stm32l4xx_hal_cortex.o(i.HAL_NVIC_EnableIRQ)
    i.HAL_NVIC_SetPriority                   0x0800089c   Section        0  stm32l4xx_hal_cortex.o(i.HAL_NVIC_SetPriority)
    i.HAL_NVIC_SetPriorityGrouping           0x080008dc   Section        0  stm32l4xx_hal_cortex.o(i.HAL_NVIC_SetPriorityGrouping)
    i.HAL_PWREx_ControlVoltageScaling        0x08000900   Section        0  stm32l4xx_hal_pwr_ex.o(i.HAL_PWREx_ControlVoltageScaling)
    i.HAL_PWREx_GetVoltageRange              0x08000968   Section        0  stm32l4xx_hal_pwr_ex.o(i.HAL_PWREx_GetVoltageRange)
    i.HAL_RCCEx_PeriphCLKConfig              0x08000978   Section        0  stm32l4xx_hal_rcc_ex.o(i.HAL_RCCEx_PeriphCLKConfig)
    i.HAL_RCC_ClockConfig                    0x08000d28   Section        0  stm32l4xx_hal_rcc.o(i.HAL_RCC_ClockConfig)
    i.HAL_RCC_GetPCLK1Freq                   0x08000e6c   Section        0  stm32l4xx_hal_rcc.o(i.HAL_RCC_GetPCLK1Freq)
    i.HAL_RCC_GetPCLK2Freq                   0x08000e90   Section        0  stm32l4xx_hal_rcc.o(i.HAL_RCC_GetPCLK2Freq)
    i.HAL_RCC_GetSysClockFreq                0x08000eb4   Section        0  stm32l4xx_hal_rcc.o(i.HAL_RCC_GetSysClockFreq)
    i.HAL_RCC_OscConfig                      0x08000f58   Section        0  stm32l4xx_hal_rcc.o(i.HAL_RCC_OscConfig)
    i.HAL_SYSTICK_Config                     0x08001470   Section        0  stm32l4xx_hal_cortex.o(i.HAL_SYSTICK_Config)
    i.HAL_TIMEx_Break2Callback               0x08001498   Section        0  stm32l4xx_hal_tim_ex.o(i.HAL_TIMEx_Break2Callback)
    i.HAL_TIMEx_BreakCallback                0x0800149a   Section        0  stm32l4xx_hal_tim_ex.o(i.HAL_TIMEx_BreakCallback)
    i.HAL_TIMEx_CommutCallback               0x0800149c   Section        0  stm32l4xx_hal_tim_ex.o(i.HAL_TIMEx_CommutCallback)
    i.HAL_TIMEx_ConfigBreakDeadTime          0x080014a0   Section        0  stm32l4xx_hal_tim_ex.o(i.HAL_TIMEx_ConfigBreakDeadTime)
    i.HAL_TIMEx_MasterConfigSynchronization  0x0800152c   Section        0  stm32l4xx_hal_tim_ex.o(i.HAL_TIMEx_MasterConfigSynchronization)
    i.HAL_TIM_Base_Init                      0x080015c8   Section        0  stm32l4xx_hal_tim.o(i.HAL_TIM_Base_Init)
    i.HAL_TIM_Base_MspInit                   0x0800162c   Section        0  stm32l4xx_hal_msp.o(i.HAL_TIM_Base_MspInit)
    i.HAL_TIM_Base_Start_IT                  0x08001668   Section        0  stm32l4xx_hal_tim.o(i.HAL_TIM_Base_Start_IT)
    i.HAL_TIM_ConfigClockSource              0x080016e8   Section        0  stm32l4xx_hal_tim.o(i.HAL_TIM_ConfigClockSource)
    i.HAL_TIM_Encoder_Init                   0x080017c8   Section        0  stm32l4xx_hal_tim.o(i.HAL_TIM_Encoder_Init)
    i.HAL_TIM_Encoder_MspInit                0x08001870   Section        0  stm32l4xx_hal_msp.o(i.HAL_TIM_Encoder_MspInit)
    i.HAL_TIM_Encoder_Start                  0x08001908   Section        0  stm32l4xx_hal_tim.o(i.HAL_TIM_Encoder_Start)
    i.HAL_TIM_IC_CaptureCallback             0x08001996   Section        0  stm32l4xx_hal_tim.o(i.HAL_TIM_IC_CaptureCallback)
    i.HAL_TIM_IRQHandler                     0x08001998   Section        0  stm32l4xx_hal_tim.o(i.HAL_TIM_IRQHandler)
    i.HAL_TIM_MspPostInit                    0x08001ae4   Section        0  stm32l4xx_hal_msp.o(i.HAL_TIM_MspPostInit)
    i.HAL_TIM_OC_DelayElapsedCallback        0x08001b38   Section        0  stm32l4xx_hal_tim.o(i.HAL_TIM_OC_DelayElapsedCallback)
    i.HAL_TIM_PWM_ConfigChannel              0x08001b3a   Section        0  stm32l4xx_hal_tim.o(i.HAL_TIM_PWM_ConfigChannel)
    i.HAL_TIM_PWM_Init                       0x08001c5e   Section        0  stm32l4xx_hal_tim.o(i.HAL_TIM_PWM_Init)
    i.HAL_TIM_PWM_MspInit                    0x08001cc0   Section        0  stm32l4xx_hal_msp.o(i.HAL_TIM_PWM_MspInit)
    i.HAL_TIM_PWM_PulseFinishedCallback      0x08001ce8   Section        0  stm32l4xx_hal_tim.o(i.HAL_TIM_PWM_PulseFinishedCallback)
    i.HAL_TIM_PWM_Start                      0x08001cec   Section        0  stm32l4xx_hal_tim.o(i.HAL_TIM_PWM_Start)
    i.HAL_TIM_PeriodElapsedCallback          0x08001df0   Section        0  main.o(i.HAL_TIM_PeriodElapsedCallback)
    i.HAL_TIM_TriggerCallback                0x08001e08   Section        0  stm32l4xx_hal_tim.o(i.HAL_TIM_TriggerCallback)
    i.HAL_UARTEx_RxEventCallback             0x08001e0a   Section        0  stm32l4xx_hal_uart.o(i.HAL_UARTEx_RxEventCallback)
    i.HAL_UARTEx_WakeupCallback              0x08001e0c   Section        0  stm32l4xx_hal_uart_ex.o(i.HAL_UARTEx_WakeupCallback)
    i.HAL_UART_ErrorCallback                 0x08001e0e   Section        0  stm32l4xx_hal_uart.o(i.HAL_UART_ErrorCallback)
    i.HAL_UART_IRQHandler                    0x08001e10   Section        0  stm32l4xx_hal_uart.o(i.HAL_UART_IRQHandler)
    i.HAL_UART_Init                          0x080020d8   Section        0  stm32l4xx_hal_uart.o(i.HAL_UART_Init)
    i.HAL_UART_MspInit                       0x08002140   Section        0  stm32l4xx_hal_msp.o(i.HAL_UART_MspInit)
    i.HAL_UART_Receive_IT                    0x080021d0   Section        0  stm32l4xx_hal_uart.o(i.HAL_UART_Receive_IT)
    i.HAL_UART_RxCpltCallback                0x08002218   Section        0  main.o(i.HAL_UART_RxCpltCallback)
    i.HAL_UART_Transmit                      0x0800222c   Section        0  stm32l4xx_hal_uart.o(i.HAL_UART_Transmit)
    i.HAL_UART_TxCpltCallback                0x080022de   Section        0  stm32l4xx_hal_uart.o(i.HAL_UART_TxCpltCallback)
    i.HardFault_Handler                      0x080022e0   Section        0  stm32l4xx_it.o(i.HardFault_Handler)
    i.MX_GPIO_Init                           0x080022e4   Section        0  main.o(i.MX_GPIO_Init)
    MX_GPIO_Init                             0x080022e5   Thumb Code   140  main.o(i.MX_GPIO_Init)
    i.MX_TIM1_Init                           0x08002378   Section        0  main.o(i.MX_TIM1_Init)
    MX_TIM1_Init                             0x08002379   Thumb Code   182  main.o(i.MX_TIM1_Init)
    i.MX_TIM2_Init                           0x08002438   Section        0  main.o(i.MX_TIM2_Init)
    MX_TIM2_Init                             0x08002439   Thumb Code   100  main.o(i.MX_TIM2_Init)
    i.MX_TIM3_Init                           0x080024a0   Section        0  main.o(i.MX_TIM3_Init)
    MX_TIM3_Init                             0x080024a1   Thumb Code   100  main.o(i.MX_TIM3_Init)
    i.MX_TIM4_Init                           0x0800250c   Section        0  main.o(i.MX_TIM4_Init)
    MX_TIM4_Init                             0x0800250d   Thumb Code    96  main.o(i.MX_TIM4_Init)
    i.MX_USART1_UART_Init                    0x08002574   Section        0  main.o(i.MX_USART1_UART_Init)
    MX_USART1_UART_Init                      0x08002575   Thumb Code    48  main.o(i.MX_USART1_UART_Init)
    i.MemManage_Handler                      0x080025ac   Section        0  stm32l4xx_it.o(i.MemManage_Handler)
    i.NMI_Handler                            0x080025ae   Section        0  stm32l4xx_it.o(i.NMI_Handler)
    i.PendSV_Handler                         0x080025b0   Section        0  stm32l4xx_it.o(i.PendSV_Handler)
    i.RCCEx_PLLSAI1_Config                   0x080025b4   Section        0  stm32l4xx_hal_rcc_ex.o(i.RCCEx_PLLSAI1_Config)
    RCCEx_PLLSAI1_Config                     0x080025b5   Thumb Code   278  stm32l4xx_hal_rcc_ex.o(i.RCCEx_PLLSAI1_Config)
    i.RCCEx_PLLSAI2_Config                   0x080026e0   Section        0  stm32l4xx_hal_rcc_ex.o(i.RCCEx_PLLSAI2_Config)
    RCCEx_PLLSAI2_Config                     0x080026e1   Thumb Code   250  stm32l4xx_hal_rcc_ex.o(i.RCCEx_PLLSAI2_Config)
    i.RCC_SetFlashLatencyFromMSIRange        0x080027e8   Section        0  stm32l4xx_hal_rcc.o(i.RCC_SetFlashLatencyFromMSIRange)
    RCC_SetFlashLatencyFromMSIRange          0x080027e9   Thumb Code   116  stm32l4xx_hal_rcc.o(i.RCC_SetFlashLatencyFromMSIRange)
    i.SVC_Handler                            0x08002864   Section        0  stm32l4xx_it.o(i.SVC_Handler)
    i.SysTick_Handler                        0x08002866   Section        0  stm32l4xx_it.o(i.SysTick_Handler)
    i.SystemClock_Config                     0x0800286a   Section        0  main.o(i.SystemClock_Config)
    i.SystemInit                             0x080028dc   Section        0  system_stm32l4xx.o(i.SystemInit)
    i.TIM4_IRQHandler                        0x080028ec   Section        0  stm32l4xx_it.o(i.TIM4_IRQHandler)
    i.TIM_Base_SetConfig                     0x080028f8   Section        0  stm32l4xx_hal_tim.o(i.TIM_Base_SetConfig)
    i.TIM_CCxChannelCmd                      0x080029c0   Section        0  stm32l4xx_hal_tim.o(i.TIM_CCxChannelCmd)
    i.TIM_ETR_SetConfig                      0x080029da   Section        0  stm32l4xx_hal_tim.o(i.TIM_ETR_SetConfig)
    i.TIM_ITRx_SetConfig                     0x080029ee   Section        0  stm32l4xx_hal_tim.o(i.TIM_ITRx_SetConfig)
    TIM_ITRx_SetConfig                       0x080029ef   Thumb Code    16  stm32l4xx_hal_tim.o(i.TIM_ITRx_SetConfig)
    i.TIM_OC1_SetConfig                      0x08002a00   Section        0  stm32l4xx_hal_tim.o(i.TIM_OC1_SetConfig)
    TIM_OC1_SetConfig                        0x08002a01   Thumb Code   140  stm32l4xx_hal_tim.o(i.TIM_OC1_SetConfig)
    i.TIM_OC2_SetConfig                      0x08002aa4   Section        0  stm32l4xx_hal_tim.o(i.TIM_OC2_SetConfig)
    i.TIM_OC3_SetConfig                      0x08002b38   Section        0  stm32l4xx_hal_tim.o(i.TIM_OC3_SetConfig)
    TIM_OC3_SetConfig                        0x08002b39   Thumb Code   122  stm32l4xx_hal_tim.o(i.TIM_OC3_SetConfig)
    i.TIM_OC4_SetConfig                      0x08002bcc   Section        0  stm32l4xx_hal_tim.o(i.TIM_OC4_SetConfig)
    TIM_OC4_SetConfig                        0x08002bcd   Thumb Code    92  stm32l4xx_hal_tim.o(i.TIM_OC4_SetConfig)
    i.TIM_OC5_SetConfig                      0x08002c40   Section        0  stm32l4xx_hal_tim.o(i.TIM_OC5_SetConfig)
    TIM_OC5_SetConfig                        0x08002c41   Thumb Code    86  stm32l4xx_hal_tim.o(i.TIM_OC5_SetConfig)
    i.TIM_OC6_SetConfig                      0x08002cb0   Section        0  stm32l4xx_hal_tim.o(i.TIM_OC6_SetConfig)
    TIM_OC6_SetConfig                        0x08002cb1   Thumb Code    88  stm32l4xx_hal_tim.o(i.TIM_OC6_SetConfig)
    i.TIM_TI1_ConfigInputStage               0x08002d20   Section        0  stm32l4xx_hal_tim.o(i.TIM_TI1_ConfigInputStage)
    TIM_TI1_ConfigInputStage                 0x08002d21   Thumb Code    72  stm32l4xx_hal_tim.o(i.TIM_TI1_ConfigInputStage)
    i.TIM_TI2_ConfigInputStage               0x08002d7c   Section        0  stm32l4xx_hal_tim.o(i.TIM_TI2_ConfigInputStage)
    TIM_TI2_ConfigInputStage                 0x08002d7d   Thumb Code    56  stm32l4xx_hal_tim.o(i.TIM_TI2_ConfigInputStage)
    i.UART_AdvFeatureConfig                  0x08002dbc   Section        0  stm32l4xx_hal_uart.o(i.UART_AdvFeatureConfig)
    i.UART_CheckIdleState                    0x08002e84   Section        0  stm32l4xx_hal_uart.o(i.UART_CheckIdleState)
    i.UART_DMAAbortOnError                   0x08002f2c   Section        0  stm32l4xx_hal_uart.o(i.UART_DMAAbortOnError)
    UART_DMAAbortOnError                     0x08002f2d   Thumb Code    10  stm32l4xx_hal_uart.o(i.UART_DMAAbortOnError)
    i.UART_EndRxTransfer                     0x08002f36   Section        0  stm32l4xx_hal_uart.o(i.UART_EndRxTransfer)
    UART_EndRxTransfer                       0x08002f37   Thumb Code    76  stm32l4xx_hal_uart.o(i.UART_EndRxTransfer)
    i.UART_RxISR_16BIT                       0x08002f84   Section        0  stm32l4xx_hal_uart.o(i.UART_RxISR_16BIT)
    UART_RxISR_16BIT                         0x08002f85   Thumb Code   196  stm32l4xx_hal_uart.o(i.UART_RxISR_16BIT)
    i.UART_RxISR_8BIT                        0x0800304c   Section        0  stm32l4xx_hal_uart.o(i.UART_RxISR_8BIT)
    UART_RxISR_8BIT                          0x0800304d   Thumb Code   196  stm32l4xx_hal_uart.o(i.UART_RxISR_8BIT)
    i.UART_SetConfig                         0x08003114   Section        0  stm32l4xx_hal_uart.o(i.UART_SetConfig)
    i.UART_Start_Receive_IT                  0x0800335c   Section        0  stm32l4xx_hal_uart.o(i.UART_Start_Receive_IT)
    i.UART_WaitOnFlagUntilTimeout            0x08003414   Section        0  stm32l4xx_hal_uart.o(i.UART_WaitOnFlagUntilTimeout)
    i.USART1_IRQHandler                      0x080034a8   Section        0  stm32l4xx_it.o(i.USART1_IRQHandler)
    i.UsageFault_Handler                     0x080034b4   Section        0  stm32l4xx_it.o(i.UsageFault_Handler)
    i.__NVIC_SetPriority                     0x080034b6   Section        0  stm32l4xx_hal_cortex.o(i.__NVIC_SetPriority)
    __NVIC_SetPriority                       0x080034b7   Thumb Code    32  stm32l4xx_hal_cortex.o(i.__NVIC_SetPriority)
    i.apply_average_filter                   0x080034d6   Section        0  moving_average.o(i.apply_average_filter)
    i.apply_pid                              0x08003536   Section        0  pid_control.o(i.apply_pid)
    i.crc8_calc                              0x0800360e   Section        0  usart_telemetry.o(i.crc8_calc)
    crc8_calc                                0x0800360f   Thumb Code    50  usart_telemetry.o(i.crc8_calc)
    i.enable_motor                           0x08003640   Section        0  motor_control.o(i.enable_motor)
    i.encoder_init                           0x08003654   Section        0  motor_encoder.o(i.encoder_init)
    i.get_encoder_speed                      0x08003694   Section        0  motor_encoder.o(i.get_encoder_speed)
    i.main                                   0x080037d0   Section        0  main.o(i.main)
    i.motor_init                             0x08003828   Section        0  motor_control.o(i.motor_init)
    i.reset_average_filter                   0x080038a4   Section        0  moving_average.o(i.reset_average_filter)
    i.reset_encoder                          0x080038d4   Section        0  motor_encoder.o(i.reset_encoder)
    i.reset_pid                              0x08003900   Section        0  pid_control.o(i.reset_pid)
    i.robot_control_handle_cmd               0x08003914   Section        0  robot_control.o(i.robot_control_handle_cmd)
    i.robot_control_init                     0x08003998   Section        0  robot_control.o(i.robot_control_init)
    i.robot_control_telem_send               0x08003b04   Section        0  robot_control.o(i.robot_control_telem_send)
    i.robot_control_update                   0x08003b10   Section        0  robot_control.o(i.robot_control_update)
    i.set_pid                                0x08003c28   Section        0  pid_control.o(i.set_pid)
    i.set_speed_open                         0x08003c4c   Section        0  motor_control.o(i.set_speed_open)
    i.set_speed_zero                         0x08003d68   Section        0  motor_control.o(i.set_speed_zero)
    i.telem_get_cmd                          0x08003da8   Section        0  usart_telemetry.o(i.telem_get_cmd)
    i.telem_init                             0x08003dcc   Section        0  usart_telemetry.o(i.telem_init)
    i.telem_rx_callback                      0x08003ddc   Section        0  usart_telemetry.o(i.telem_rx_callback)
    i.telem_send                             0x08003e94   Section        0  usart_telemetry.o(i.telem_send)
    x$fpl$ffltll                             0x08003ef4   Section       96  ffltll_clz.o(x$fpl$ffltll)
    $v0                                      0x08003ef4   Number         0  ffltll_clz.o(x$fpl$ffltll)
    x$fpl$fpinit                             0x08003f54   Section       10  fpinit.o(x$fpl$fpinit)
    $v0                                      0x08003f54   Number         0  fpinit.o(x$fpl$fpinit)
    x$fpl$usenofp                            0x08003f5e   Section        0  usenofp.o(x$fpl$usenofp)
    .constdata                               0x08003f60   Section       64  system_stm32l4xx.o(.constdata)
    .constdata                               0x08003fa0   Section        8  system_stm32l4xx.o(.constdata)
    .data                                    0x20000000   Section        4  main.o(.data)
    .data                                    0x20000004   Section        4  main.o(.data)
    .data                                    0x20000008   Section        4  main.o(.data)
    .data                                    0x2000000c   Section        4  main.o(.data)
    .data                                    0x20000010   Section        1  main.o(.data)
    .data                                    0x20000011   Section        1  main.o(.data)
    .data                                    0x20000014   Section       12  stm32l4xx_hal.o(.data)
    .data                                    0x20000020   Section        4  system_stm32l4xx.o(.data)
    .data                                    0x20000024   Section       12  usart_telemetry.o(.data)
    _rx_state                                0x20000024   Data           1  usart_telemetry.o(.data)
    _rx_idx                                  0x20000025   Data           1  usart_telemetry.o(.data)
    _rx_len                                  0x20000026   Data           1  usart_telemetry.o(.data)
    _rx_type                                 0x20000027   Data           1  usart_telemetry.o(.data)
    _cmd_ready                               0x20000028   Data           1  usart_telemetry.o(.data)
    _rx_byte                                 0x20000029   Data           1  usart_telemetry.o(.data)
    _huart                                   0x2000002c   Data           4  usart_telemetry.o(.data)
    .bss                                     0x20000030   Section       32  main.o(.bss)
    .bss                                     0x20000050   Section       32  main.o(.bss)
    .bss                                     0x20000070   Section      864  main.o(.bss)
    .bss                                     0x200003d0   Section      864  main.o(.bss)
    .bss                                     0x20000730   Section       40  main.o(.bss)
    .bss                                     0x20000758   Section       36  main.o(.bss)
    .bss                                     0x2000077c   Section       36  main.o(.bss)
    .bss                                     0x200007a0   Section       36  main.o(.bss)
    .bss                                     0x200007c4   Section       36  main.o(.bss)
    .bss                                     0x200007e8   Section      440  main.o(.bss)
    .bss                                     0x200009a0   Section       96  usart_telemetry.o(.bss)
    _rx_buf                                  0x200009a0   Data          64  usart_telemetry.o(.bss)
    _cmd_buf                                 0x200009e0   Data          32  usart_telemetry.o(.bss)
    .bss                                     0x20000a00   Section       96  libspace.o(.bss)
    HEAP                                     0x20000a60   Section      512  startup_stm32l476xx.o(HEAP)
    Heap_Mem                                 0x20000a60   Data         512  startup_stm32l476xx.o(HEAP)
    STACK                                    0x20000c60   Section     1024  startup_stm32l476xx.o(STACK)
    Stack_Mem                                0x20000c60   Data        1024  startup_stm32l476xx.o(STACK)
    __initial_sp                             0x20001060   Data           0  startup_stm32l476xx.o(STACK)

    Global Symbols

    Symbol Name                              Value     Ov Type        Size  Object(Section)

    BuildAttributes$$THM_ISAv4$E$P$D$K$B$S$7EM$VFPi3$EXTD16$VFPS$VFMA$PE$A:L22UL41UL21$X:L11$S22US41US21$IEEE1$IW$USESV6$~STKCKD$USESV7$~SHL$OSPACE$ROPI$EBA8$UX$STANDARDLIB$REQ8$PRES8$EABIv2 0x00000000   Number         0  anon$$obj.o ABSOLUTE
    __ARM_use_no_argv                        0x00000000   Number         0  main.o ABSOLUTE
    __ARM_exceptions_init                     - Undefined Weak Reference
    __alloca_initialize                       - Undefined Weak Reference
    __arm_preinit_                            - Undefined Weak Reference
    __cpp_initialize__aeabi_                  - Undefined Weak Reference
    __cxa_finalize                            - Undefined Weak Reference
    __rt_locale                               - Undefined Weak Reference
    __sigvec_lookup                           - Undefined Weak Reference
    _atexit_init                              - Undefined Weak Reference
    _call_atexit_fns                          - Undefined Weak Reference
    _clock_init                               - Undefined Weak Reference
    _fp_trap_init                             - Undefined Weak Reference
    _fp_trap_shutdown                         - Undefined Weak Reference
    _get_lc_collate                           - Undefined Weak Reference
    _get_lc_ctype                             - Undefined Weak Reference
    _get_lc_monetary                          - Undefined Weak Reference
    _get_lc_numeric                           - Undefined Weak Reference
    _get_lc_time                              - Undefined Weak Reference
    _getenv_init                              - Undefined Weak Reference
    _handle_redirection                       - Undefined Weak Reference
    _init_alloc                               - Undefined Weak Reference
    _init_user_alloc                          - Undefined Weak Reference
    _initio                                   - Undefined Weak Reference
    _rand_init                                - Undefined Weak Reference
    _signal_finish                            - Undefined Weak Reference
    _signal_init                              - Undefined Weak Reference
    _terminate_alloc                          - Undefined Weak Reference
    _terminate_user_alloc                     - Undefined Weak Reference
    _terminateio                              - Undefined Weak Reference
    __Vectors_Size                           0x00000188   Number         0  startup_stm32l476xx.o ABSOLUTE
    __Vectors                                0x08000000   Data           4  startup_stm32l476xx.o(RESET)
    __Vectors_End                            0x08000188   Data           0  startup_stm32l476xx.o(RESET)
    __main                                   0x08000189   Thumb Code     8  __main.o(!!!main)
    __scatterload                            0x08000191   Thumb Code     0  __scatter.o(!!!scatter)
    __scatterload_rt2                        0x08000191   Thumb Code    44  __scatter.o(!!!scatter)
    __scatterload_rt2_thumb_only             0x08000191   Thumb Code     0  __scatter.o(!!!scatter)
    __scatterload_null                       0x0800019f   Thumb Code     0  __scatter.o(!!!scatter)
    __scatterload_copy                       0x080001c5   Thumb Code    26  __scatter_copy.o(!!handler_copy)
    __scatterload_zeroinit                   0x080001e1   Thumb Code    28  __scatter_zi.o(!!handler_zi)
    __rt_lib_init                            0x080001fd   Thumb Code     0  libinit.o(.ARM.Collect$$libinit$$00000000)
    __rt_lib_init_fp_1                       0x080001ff   Thumb Code     0  libinit2.o(.ARM.Collect$$libinit$$00000001)
    __rt_lib_init_alloca_1                   0x08000203   Thumb Code     0  libinit2.o(.ARM.Collect$$libinit$$0000002E)
    __rt_lib_init_argv_1                     0x08000203   Thumb Code     0  libinit2.o(.ARM.Collect$$libinit$$0000002C)
    __rt_lib_init_atexit_1                   0x08000203   Thumb Code     0  libinit2.o(.ARM.Collect$$libinit$$0000001B)
    __rt_lib_init_clock_1                    0x08000203   Thumb Code     0  libinit2.o(.ARM.Collect$$libinit$$00000021)
    __rt_lib_init_cpp_1                      0x08000203   Thumb Code     0  libinit2.o(.ARM.Collect$$libinit$$00000032)
    __rt_lib_init_exceptions_1               0x08000203   Thumb Code     0  libinit2.o(.ARM.Collect$$libinit$$00000030)
    __rt_lib_init_fp_trap_1                  0x08000203   Thumb Code     0  libinit2.o(.ARM.Collect$$libinit$$0000001F)
    __rt_lib_init_getenv_1                   0x08000203   Thumb Code     0  libinit2.o(.ARM.Collect$$libinit$$00000023)
    __rt_lib_init_heap_1                     0x08000203   Thumb Code     0  libinit2.o(.ARM.Collect$$libinit$$0000000A)
    __rt_lib_init_lc_collate_1               0x08000203   Thumb Code     0  libinit2.o(.ARM.Collect$$libinit$$00000011)
    __rt_lib_init_lc_ctype_1                 0x08000203   Thumb Code     0  libinit2.o(.ARM.Collect$$libinit$$00000013)
    __rt_lib_init_lc_monetary_1              0x08000203   Thumb Code     0  libinit2.o(.ARM.Collect$$libinit$$00000015)
    __rt_lib_init_lc_numeric_1               0x08000203   Thumb Code     0  libinit2.o(.ARM.Collect$$libinit$$00000017)
    __rt_lib_init_lc_time_1                  0x08000203   Thumb Code     0  libinit2.o(.ARM.Collect$$libinit$$00000019)
    __rt_lib_init_preinit_1                  0x08000203   Thumb Code     0  libinit2.o(.ARM.Collect$$libinit$$00000004)
    __rt_lib_init_rand_1                     0x08000203   Thumb Code     0  libinit2.o(.ARM.Collect$$libinit$$0000000E)
    __rt_lib_init_return                     0x08000203   Thumb Code     0  libinit2.o(.ARM.Collect$$libinit$$00000033)
    __rt_lib_init_signal_1                   0x08000203   Thumb Code     0  libinit2.o(.ARM.Collect$$libinit$$0000001D)
    __rt_lib_init_stdio_1                    0x08000203   Thumb Code     0  libinit2.o(.ARM.Collect$$libinit$$00000025)
    __rt_lib_init_user_alloc_1               0x08000203   Thumb Code     0  libinit2.o(.ARM.Collect$$libinit$$0000000C)
    __rt_lib_shutdown                        0x08000205   Thumb Code     0  libshutdown.o(.ARM.Collect$$libshutdown$$00000000)
    __rt_lib_shutdown_cpp_1                  0x08000207   Thumb Code     0  libshutdown2.o(.ARM.Collect$$libshutdown$$00000002)
    __rt_lib_shutdown_fp_trap_1              0x08000207   Thumb Code     0  libshutdown2.o(.ARM.Collect$$libshutdown$$00000007)
    __rt_lib_shutdown_heap_1                 0x08000207   Thumb Code     0  libshutdown2.o(.ARM.Collect$$libshutdown$$0000000F)
    __rt_lib_shutdown_return                 0x08000207   Thumb Code     0  libshutdown2.o(.ARM.Collect$$libshutdown$$00000010)
    __rt_lib_shutdown_signal_1               0x08000207   Thumb Code     0  libshutdown2.o(.ARM.Collect$$libshutdown$$0000000A)
    __rt_lib_shutdown_stdio_1                0x08000207   Thumb Code     0  libshutdown2.o(.ARM.Collect$$libshutdown$$00000004)
    __rt_lib_shutdown_user_alloc_1           0x08000207   Thumb Code     0  libshutdown2.o(.ARM.Collect$$libshutdown$$0000000C)
    __rt_entry                               0x08000209   Thumb Code     0  __rtentry.o(.ARM.Collect$$rtentry$$00000000)
    __rt_entry_presh_1                       0x08000209   Thumb Code     0  __rtentry2.o(.ARM.Collect$$rtentry$$00000002)
    __rt_entry_sh                            0x08000209   Thumb Code     0  __rtentry4.o(.ARM.Collect$$rtentry$$00000004)
    __rt_entry_li                            0x0800020f   Thumb Code     0  __rtentry2.o(.ARM.Collect$$rtentry$$0000000A)
    __rt_entry_postsh_1                      0x0800020f   Thumb Code     0  __rtentry2.o(.ARM.Collect$$rtentry$$00000009)
    __rt_entry_main                          0x08000213   Thumb Code     0  __rtentry2.o(.ARM.Collect$$rtentry$$0000000D)
    __rt_entry_postli_1                      0x08000213   Thumb Code     0  __rtentry2.o(.ARM.Collect$$rtentry$$0000000C)
    __rt_exit                                0x0800021b   Thumb Code     0  rtexit.o(.ARM.Collect$$rtexit$$00000000)
    __rt_exit_ls                             0x0800021d   Thumb Code     0  rtexit2.o(.ARM.Collect$$rtexit$$00000003)
    __rt_exit_prels_1                        0x0800021d   Thumb Code     0  rtexit2.o(.ARM.Collect$$rtexit$$00000002)
    __rt_exit_exit                           0x08000221   Thumb Code     0  rtexit2.o(.ARM.Collect$$rtexit$$00000004)
    Reset_Handler                            0x08000229   Thumb Code     8  startup_stm32l476xx.o(.text)
    ADC1_2_IRQHandler                        0x08000243   Thumb Code     0  startup_stm32l476xx.o(.text)
    ADC3_IRQHandler                          0x08000243   Thumb Code     0  startup_stm32l476xx.o(.text)
    CAN1_RX0_IRQHandler                      0x08000243   Thumb Code     0  startup_stm32l476xx.o(.text)
    CAN1_RX1_IRQHandler                      0x08000243   Thumb Code     0  startup_stm32l476xx.o(.text)
    CAN1_SCE_IRQHandler                      0x08000243   Thumb Code     0  startup_stm32l476xx.o(.text)
    CAN1_TX_IRQHandler                       0x08000243   Thumb Code     0  startup_stm32l476xx.o(.text)
    COMP_IRQHandler                          0x08000243   Thumb Code     0  startup_stm32l476xx.o(.text)
    DFSDM1_FLT0_IRQHandler                   0x08000243   Thumb Code     0  startup_stm32l476xx.o(.text)
    DFSDM1_FLT1_IRQHandler                   0x08000243   Thumb Code     0  startup_stm32l476xx.o(.text)
    DFSDM1_FLT2_IRQHandler                   0x08000243   Thumb Code     0  startup_stm32l476xx.o(.text)
    DFSDM1_FLT3_IRQHandler                   0x08000243   Thumb Code     0  startup_stm32l476xx.o(.text)
    DMA1_Channel1_IRQHandler                 0x08000243   Thumb Code     0  startup_stm32l476xx.o(.text)
    DMA1_Channel2_IRQHandler                 0x08000243   Thumb Code     0  startup_stm32l476xx.o(.text)
    DMA1_Channel3_IRQHandler                 0x08000243   Thumb Code     0  startup_stm32l476xx.o(.text)
    DMA1_Channel4_IRQHandler                 0x08000243   Thumb Code     0  startup_stm32l476xx.o(.text)
    DMA1_Channel5_IRQHandler                 0x08000243   Thumb Code     0  startup_stm32l476xx.o(.text)
    DMA1_Channel6_IRQHandler                 0x08000243   Thumb Code     0  startup_stm32l476xx.o(.text)
    DMA1_Channel7_IRQHandler                 0x08000243   Thumb Code     0  startup_stm32l476xx.o(.text)
    DMA2_Channel1_IRQHandler                 0x08000243   Thumb Code     0  startup_stm32l476xx.o(.text)
    DMA2_Channel2_IRQHandler                 0x08000243   Thumb Code     0  startup_stm32l476xx.o(.text)
    DMA2_Channel3_IRQHandler                 0x08000243   Thumb Code     0  startup_stm32l476xx.o(.text)
    DMA2_Channel4_IRQHandler                 0x08000243   Thumb Code     0  startup_stm32l476xx.o(.text)
    DMA2_Channel5_IRQHandler                 0x08000243   Thumb Code     0  startup_stm32l476xx.o(.text)
    DMA2_Channel6_IRQHandler                 0x08000243   Thumb Code     0  startup_stm32l476xx.o(.text)
    DMA2_Channel7_IRQHandler                 0x08000243   Thumb Code     0  startup_stm32l476xx.o(.text)
    EXTI0_IRQHandler                         0x08000243   Thumb Code     0  startup_stm32l476xx.o(.text)
    EXTI15_10_IRQHandler                     0x08000243   Thumb Code     0  startup_stm32l476xx.o(.text)
    EXTI1_IRQHandler                         0x08000243   Thumb Code     0  startup_stm32l476xx.o(.text)
    EXTI2_IRQHandler                         0x08000243   Thumb Code     0  startup_stm32l476xx.o(.text)
    EXTI3_IRQHandler                         0x08000243   Thumb Code     0  startup_stm32l476xx.o(.text)
    EXTI4_IRQHandler                         0x08000243   Thumb Code     0  startup_stm32l476xx.o(.text)
    EXTI9_5_IRQHandler                       0x08000243   Thumb Code     0  startup_stm32l476xx.o(.text)
    FLASH_IRQHandler                         0x08000243   Thumb Code     0  startup_stm32l476xx.o(.text)
    FMC_IRQHandler                           0x08000243   Thumb Code     0  startup_stm32l476xx.o(.text)
    FPU_IRQHandler                           0x08000243   Thumb Code     0  startup_stm32l476xx.o(.text)
    I2C1_ER_IRQHandler                       0x08000243   Thumb Code     0  startup_stm32l476xx.o(.text)
    I2C1_EV_IRQHandler                       0x08000243   Thumb Code     0  startup_stm32l476xx.o(.text)
    I2C2_ER_IRQHandler                       0x08000243   Thumb Code     0  startup_stm32l476xx.o(.text)
    I2C2_EV_IRQHandler                       0x08000243   Thumb Code     0  startup_stm32l476xx.o(.text)
    I2C3_ER_IRQHandler                       0x08000243   Thumb Code     0  startup_stm32l476xx.o(.text)
    I2C3_EV_IRQHandler                       0x08000243   Thumb Code     0  startup_stm32l476xx.o(.text)
    LCD_IRQHandler                           0x08000243   Thumb Code     0  startup_stm32l476xx.o(.text)
    LPTIM1_IRQHandler                        0x08000243   Thumb Code     0  startup_stm32l476xx.o(.text)
    LPTIM2_IRQHandler                        0x08000243   Thumb Code     0  startup_stm32l476xx.o(.text)
    LPUART1_IRQHandler                       0x08000243   Thumb Code     0  startup_stm32l476xx.o(.text)
    OTG_FS_IRQHandler                        0x08000243   Thumb Code     0  startup_stm32l476xx.o(.text)
    PVD_PVM_IRQHandler                       0x08000243   Thumb Code     0  startup_stm32l476xx.o(.text)
    QUADSPI_IRQHandler                       0x08000243   Thumb Code     0  startup_stm32l476xx.o(.text)
    RCC_IRQHandler                           0x08000243   Thumb Code     0  startup_stm32l476xx.o(.text)
    RNG_IRQHandler                           0x08000243   Thumb Code     0  startup_stm32l476xx.o(.text)
    RTC_Alarm_IRQHandler                     0x08000243   Thumb Code     0  startup_stm32l476xx.o(.text)
    RTC_WKUP_IRQHandler                      0x08000243   Thumb Code     0  startup_stm32l476xx.o(.text)
    SAI1_IRQHandler                          0x08000243   Thumb Code     0  startup_stm32l476xx.o(.text)
    SAI2_IRQHandler                          0x08000243   Thumb Code     0  startup_stm32l476xx.o(.text)
    SDMMC1_IRQHandler                        0x08000243   Thumb Code     0  startup_stm32l476xx.o(.text)
    SPI1_IRQHandler                          0x08000243   Thumb Code     0  startup_stm32l476xx.o(.text)
    SPI2_IRQHandler                          0x08000243   Thumb Code     0  startup_stm32l476xx.o(.text)
    SPI3_IRQHandler                          0x08000243   Thumb Code     0  startup_stm32l476xx.o(.text)
    SWPMI1_IRQHandler                        0x08000243   Thumb Code     0  startup_stm32l476xx.o(.text)
    TAMP_STAMP_IRQHandler                    0x08000243   Thumb Code     0  startup_stm32l476xx.o(.text)
    TIM1_BRK_TIM15_IRQHandler                0x08000243   Thumb Code     0  startup_stm32l476xx.o(.text)
    TIM1_CC_IRQHandler                       0x08000243   Thumb Code     0  startup_stm32l476xx.o(.text)
    TIM1_TRG_COM_TIM17_IRQHandler            0x08000243   Thumb Code     0  startup_stm32l476xx.o(.text)
    TIM1_UP_TIM16_IRQHandler                 0x08000243   Thumb Code     0  startup_stm32l476xx.o(.text)
    TIM2_IRQHandler                          0x08000243   Thumb Code     0  startup_stm32l476xx.o(.text)
    TIM3_IRQHandler                          0x08000243   Thumb Code     0  startup_stm32l476xx.o(.text)
    TIM5_IRQHandler                          0x08000243   Thumb Code     0  startup_stm32l476xx.o(.text)
    TIM6_DAC_IRQHandler                      0x08000243   Thumb Code     0  startup_stm32l476xx.o(.text)
    TIM7_IRQHandler                          0x08000243   Thumb Code     0  startup_stm32l476xx.o(.text)
    TIM8_BRK_IRQHandler                      0x08000243   Thumb Code     0  startup_stm32l476xx.o(.text)
    TIM8_CC_IRQHandler                       0x08000243   Thumb Code     0  startup_stm32l476xx.o(.text)
    TIM8_TRG_COM_IRQHandler                  0x08000243   Thumb Code     0  startup_stm32l476xx.o(.text)
    TIM8_UP_IRQHandler                       0x08000243   Thumb Code     0  startup_stm32l476xx.o(.text)
    TSC_IRQHandler                           0x08000243   Thumb Code     0  startup_stm32l476xx.o(.text)
    UART4_IRQHandler                         0x08000243   Thumb Code     0  startup_stm32l476xx.o(.text)
    UART5_IRQHandler                         0x08000243   Thumb Code     0  startup_stm32l476xx.o(.text)
    USART2_IRQHandler                        0x08000243   Thumb Code     0  startup_stm32l476xx.o(.text)
    USART3_IRQHandler                        0x08000243   Thumb Code     0  startup_stm32l476xx.o(.text)
    WWDG_IRQHandler                          0x08000243   Thumb Code     0  startup_stm32l476xx.o(.text)
    __user_initial_stackheap                 0x08000245   Thumb Code     0  startup_stm32l476xx.o(.text)
    __aeabi_uldivmod                         0x08000269   Thumb Code     0  lludivv7m.o(.text)
    _ll_udiv                                 0x08000269   Thumb Code   238  lludivv7m.o(.text)
    __aeabi_memcpy                           0x08000357   Thumb Code     0  rt_memcpy_v6.o(.text)
    __rt_memcpy                              0x08000357   Thumb Code   138  rt_memcpy_v6.o(.text)
    _memcpy_lastbytes                        0x080003bd   Thumb Code     0  rt_memcpy_v6.o(.text)
    __aeabi_memclr4                          0x080003e1   Thumb Code     0  rt_memclr_w.o(.text)
    __aeabi_memclr8                          0x080003e1   Thumb Code     0  rt_memclr_w.o(.text)
    __rt_memclr_w                            0x080003e1   Thumb Code    78  rt_memclr_w.o(.text)
    _memset_w                                0x080003e5   Thumb Code     0  rt_memclr_w.o(.text)
    __use_two_region_memory                  0x0800042f   Thumb Code     2  heapauxi.o(.text)
    __rt_heap_escrow$2region                 0x08000431   Thumb Code     2  heapauxi.o(.text)
    __rt_heap_expand$2region                 0x08000433   Thumb Code     2  heapauxi.o(.text)
    __aeabi_memcpy4                          0x08000435   Thumb Code     0  rt_memcpy_w.o(.text)
    __aeabi_memcpy8                          0x08000435   Thumb Code     0  rt_memcpy_w.o(.text)
    __rt_memcpy_w                            0x08000435   Thumb Code   100  rt_memcpy_w.o(.text)
    _memcpy_lastbytes_aligned                0x0800047d   Thumb Code     0  rt_memcpy_w.o(.text)
    __user_setup_stackheap                   0x08000499   Thumb Code    74  sys_stackheap_outer.o(.text)
    exit                                     0x080004e3   Thumb Code    18  exit.o(.text)
    __user_libspace                          0x080004f5   Thumb Code     8  libspace.o(.text)
    __user_perproc_libspace                  0x080004f5   Thumb Code     0  libspace.o(.text)
    __user_perthread_libspace                0x080004f5   Thumb Code     0  libspace.o(.text)
    _sys_exit                                0x080004fd   Thumb Code     8  sys_exit.o(.text)
    __I$use$semihosting                      0x08000509   Thumb Code     0  use_no_semi.o(.text)
    __use_no_semihosting_swi                 0x08000509   Thumb Code     2  use_no_semi.o(.text)
    BusFault_Handler                         0x0800050b   Thumb Code     2  stm32l4xx_it.o(i.BusFault_Handler)
    __semihosting_library_function           0x0800050b   Thumb Code     0  indicate_semi.o(.text)
    DebugMon_Handler                         0x0800050d   Thumb Code     2  stm32l4xx_it.o(i.DebugMon_Handler)
    Error_Handler                            0x0800050f   Thumb Code     4  main.o(i.Error_Handler)
    HAL_DMA_Abort                            0x08000513   Thumb Code    76  stm32l4xx_hal_dma.o(i.HAL_DMA_Abort)
    HAL_DMA_Abort_IT                         0x0800055f   Thumb Code    78  stm32l4xx_hal_dma.o(i.HAL_DMA_Abort_IT)
    HAL_GPIO_Init                            0x080005ad   Thumb Code   500  stm32l4xx_hal_gpio.o(i.HAL_GPIO_Init)
    HAL_GPIO_WritePin                        0x080007cb   Thumb Code    10  stm32l4xx_hal_gpio.o(i.HAL_GPIO_WritePin)
    HAL_GetTick                              0x080007d5   Thumb Code     6  stm32l4xx_hal.o(i.HAL_GetTick)
    HAL_IncTick                              0x080007e1   Thumb Code    12  stm32l4xx_hal.o(i.HAL_IncTick)
    HAL_Init                                 0x080007f1   Thumb Code    30  stm32l4xx_hal.o(i.HAL_Init)
    HAL_InitTick                             0x08000811   Thumb Code    58  stm32l4xx_hal.o(i.HAL_InitTick)
    HAL_MspInit                              0x08000855   Thumb Code    38  stm32l4xx_hal_msp.o(i.HAL_MspInit)
    HAL_NVIC_EnableIRQ                       0x08000881   Thumb Code    26  stm32l4xx_hal_cortex.o(i.HAL_NVIC_EnableIRQ)
    HAL_NVIC_SetPriority                     0x0800089d   Thumb Code    60  stm32l4xx_hal_cortex.o(i.HAL_NVIC_SetPriority)
    HAL_NVIC_SetPriorityGrouping             0x080008dd   Thumb Code    26  stm32l4xx_hal_cortex.o(i.HAL_NVIC_SetPriorityGrouping)
    HAL_PWREx_ControlVoltageScaling          0x08000901   Thumb Code    90  stm32l4xx_hal_pwr_ex.o(i.HAL_PWREx_ControlVoltageScaling)
    HAL_PWREx_GetVoltageRange                0x08000969   Thumb Code    10  stm32l4xx_hal_pwr_ex.o(i.HAL_PWREx_GetVoltageRange)
    HAL_RCCEx_PeriphCLKConfig                0x08000979   Thumb Code   928  stm32l4xx_hal_rcc_ex.o(i.HAL_RCCEx_PeriphCLKConfig)
    HAL_RCC_ClockConfig                      0x08000d29   Thumb Code   304  stm32l4xx_hal_rcc.o(i.HAL_RCC_ClockConfig)
    HAL_RCC_GetPCLK1Freq                     0x08000e6d   Thumb Code    24  stm32l4xx_hal_rcc.o(i.HAL_RCC_GetPCLK1Freq)
    HAL_RCC_GetPCLK2Freq                     0x08000e91   Thumb Code    24  stm32l4xx_hal_rcc.o(i.HAL_RCC_GetPCLK2Freq)
    HAL_RCC_GetSysClockFreq                  0x08000eb5   Thumb Code   150  stm32l4xx_hal_rcc.o(i.HAL_RCC_GetSysClockFreq)
    HAL_RCC_OscConfig                        0x08000f59   Thumb Code  1294  stm32l4xx_hal_rcc.o(i.HAL_RCC_OscConfig)
    HAL_SYSTICK_Config                       0x08001471   Thumb Code    40  stm32l4xx_hal_cortex.o(i.HAL_SYSTICK_Config)
    HAL_TIMEx_Break2Callback                 0x08001499   Thumb Code     2  stm32l4xx_hal_tim_ex.o(i.HAL_TIMEx_Break2Callback)
    HAL_TIMEx_BreakCallback                  0x0800149b   Thumb Code     2  stm32l4xx_hal_tim_ex.o(i.HAL_TIMEx_BreakCallback)
    HAL_TIMEx_CommutCallback                 0x0800149d   Thumb Code     2  stm32l4xx_hal_tim_ex.o(i.HAL_TIMEx_CommutCallback)
    HAL_TIMEx_ConfigBreakDeadTime            0x080014a1   Thumb Code   132  stm32l4xx_hal_tim_ex.o(i.HAL_TIMEx_ConfigBreakDeadTime)
    HAL_TIMEx_MasterConfigSynchronization    0x0800152d   Thumb Code   130  stm32l4xx_hal_tim_ex.o(i.HAL_TIMEx_MasterConfigSynchronization)
    HAL_TIM_Base_Init                        0x080015c9   Thumb Code    98  stm32l4xx_hal_tim.o(i.HAL_TIM_Base_Init)
    HAL_TIM_Base_MspInit                     0x0800162d   Thumb Code    50  stm32l4xx_hal_msp.o(i.HAL_TIM_Base_MspInit)
    HAL_TIM_Base_Start_IT                    0x08001669   Thumb Code   100  stm32l4xx_hal_tim.o(i.HAL_TIM_Base_Start_IT)
    HAL_TIM_ConfigClockSource                0x080016e9   Thumb Code   220  stm32l4xx_hal_tim.o(i.HAL_TIM_ConfigClockSource)
    HAL_TIM_Encoder_Init                     0x080017c9   Thumb Code   162  stm32l4xx_hal_tim.o(i.HAL_TIM_Encoder_Init)
    HAL_TIM_Encoder_MspInit                  0x08001871   Thumb Code   142  stm32l4xx_hal_msp.o(i.HAL_TIM_Encoder_MspInit)
    HAL_TIM_Encoder_Start                    0x08001909   Thumb Code   142  stm32l4xx_hal_tim.o(i.HAL_TIM_Encoder_Start)
    HAL_TIM_IC_CaptureCallback               0x08001997   Thumb Code     2  stm32l4xx_hal_tim.o(i.HAL_TIM_IC_CaptureCallback)
    HAL_TIM_IRQHandler                       0x08001999   Thumb Code   330  stm32l4xx_hal_tim.o(i.HAL_TIM_IRQHandler)
    HAL_TIM_MspPostInit                      0x08001ae5   Thumb Code    74  stm32l4xx_hal_msp.o(i.HAL_TIM_MspPostInit)
    HAL_TIM_OC_DelayElapsedCallback          0x08001b39   Thumb Code     2  stm32l4xx_hal_tim.o(i.HAL_TIM_OC_DelayElapsedCallback)
    HAL_TIM_PWM_ConfigChannel                0x08001b3b   Thumb Code   292  stm32l4xx_hal_tim.o(i.HAL_TIM_PWM_ConfigChannel)
    HAL_TIM_PWM_Init                         0x08001c5f   Thumb Code    98  stm32l4xx_hal_tim.o(i.HAL_TIM_PWM_Init)
    HAL_TIM_PWM_MspInit                      0x08001cc1   Thumb Code    30  stm32l4xx_hal_msp.o(i.HAL_TIM_PWM_MspInit)
    HAL_TIM_PWM_PulseFinishedCallback        0x08001ce9   Thumb Code     2  stm32l4xx_hal_tim.o(i.HAL_TIM_PWM_PulseFinishedCallback)
    HAL_TIM_PWM_Start                        0x08001ced   Thumb Code   224  stm32l4xx_hal_tim.o(i.HAL_TIM_PWM_Start)
    HAL_TIM_PeriodElapsedCallback            0x08001df1   Thumb Code    14  main.o(i.HAL_TIM_PeriodElapsedCallback)
    HAL_TIM_TriggerCallback                  0x08001e09   Thumb Code     2  stm32l4xx_hal_tim.o(i.HAL_TIM_TriggerCallback)
    HAL_UARTEx_RxEventCallback               0x08001e0b   Thumb Code     2  stm32l4xx_hal_uart.o(i.HAL_UARTEx_RxEventCallback)
    HAL_UARTEx_WakeupCallback                0x08001e0d   Thumb Code     2  stm32l4xx_hal_uart_ex.o(i.HAL_UARTEx_WakeupCallback)
    HAL_UART_ErrorCallback                   0x08001e0f   Thumb Code     2  stm32l4xx_hal_uart.o(i.HAL_UART_ErrorCallback)
    HAL_UART_IRQHandler                      0x08001e11   Thumb Code   704  stm32l4xx_hal_uart.o(i.HAL_UART_IRQHandler)
    HAL_UART_Init                            0x080020d9   Thumb Code   102  stm32l4xx_hal_uart.o(i.HAL_UART_Init)
    HAL_UART_MspInit                         0x08002141   Thumb Code   130  stm32l4xx_hal_msp.o(i.HAL_UART_MspInit)
    HAL_UART_Receive_IT                      0x080021d1   Thumb Code    66  stm32l4xx_hal_uart.o(i.HAL_UART_Receive_IT)
    HAL_UART_RxCpltCallback                  0x08002219   Thumb Code    14  main.o(i.HAL_UART_RxCpltCallback)
    HAL_UART_Transmit                        0x0800222d   Thumb Code   172  stm32l4xx_hal_uart.o(i.HAL_UART_Transmit)
    HAL_UART_TxCpltCallback                  0x080022df   Thumb Code     2  stm32l4xx_hal_uart.o(i.HAL_UART_TxCpltCallback)
    HardFault_Handler                        0x080022e1   Thumb Code     2  stm32l4xx_it.o(i.HardFault_Handler)
    MemManage_Handler                        0x080025ad   Thumb Code     2  stm32l4xx_it.o(i.MemManage_Handler)
    NMI_Handler                              0x080025af   Thumb Code     2  stm32l4xx_it.o(i.NMI_Handler)
    PendSV_Handler                           0x080025b1   Thumb Code     2  stm32l4xx_it.o(i.PendSV_Handler)
    SVC_Handler                              0x08002865   Thumb Code     2  stm32l4xx_it.o(i.SVC_Handler)
    SysTick_Handler                          0x08002867   Thumb Code     4  stm32l4xx_it.o(i.SysTick_Handler)
    SystemClock_Config                       0x0800286b   Thumb Code   114  main.o(i.SystemClock_Config)
    SystemInit                               0x080028dd   Thumb Code    12  system_stm32l4xx.o(i.SystemInit)
    TIM4_IRQHandler                          0x080028ed   Thumb Code     6  stm32l4xx_it.o(i.TIM4_IRQHandler)
    TIM_Base_SetConfig                       0x080028f9   Thumb Code   168  stm32l4xx_hal_tim.o(i.TIM_Base_SetConfig)
    TIM_CCxChannelCmd                        0x080029c1   Thumb Code    26  stm32l4xx_hal_tim.o(i.TIM_CCxChannelCmd)
    TIM_ETR_SetConfig                        0x080029db   Thumb Code    20  stm32l4xx_hal_tim.o(i.TIM_ETR_SetConfig)
    TIM_OC2_SetConfig                        0x08002aa5   Thumb Code   124  stm32l4xx_hal_tim.o(i.TIM_OC2_SetConfig)
    UART_AdvFeatureConfig                    0x08002dbd   Thumb Code   200  stm32l4xx_hal_uart.o(i.UART_AdvFeatureConfig)
    UART_CheckIdleState                      0x08002e85   Thumb Code   168  stm32l4xx_hal_uart.o(i.UART_CheckIdleState)
    UART_SetConfig                           0x08003115   Thumb Code   542  stm32l4xx_hal_uart.o(i.UART_SetConfig)
    UART_Start_Receive_IT                    0x0800335d   Thumb Code   174  stm32l4xx_hal_uart.o(i.UART_Start_Receive_IT)
    UART_WaitOnFlagUntilTimeout              0x08003415   Thumb Code   148  stm32l4xx_hal_uart.o(i.UART_WaitOnFlagUntilTimeout)
    USART1_IRQHandler                        0x080034a9   Thumb Code     6  stm32l4xx_it.o(i.USART1_IRQHandler)
    UsageFault_Handler                       0x080034b5   Thumb Code     2  stm32l4xx_it.o(i.UsageFault_Handler)
    apply_average_filter                     0x080034d7   Thumb Code    96  moving_average.o(i.apply_average_filter)
    apply_pid                                0x08003537   Thumb Code   216  pid_control.o(i.apply_pid)
    enable_motor                             0x08003641   Thumb Code    20  motor_control.o(i.enable_motor)
    encoder_init                             0x08003655   Thumb Code    58  motor_encoder.o(i.encoder_init)
    get_encoder_speed                        0x08003695   Thumb Code   302  motor_encoder.o(i.get_encoder_speed)
    main                                     0x080037d1   Thumb Code    80  main.o(i.main)
    motor_init                               0x08003829   Thumb Code   118  motor_control.o(i.motor_init)
    reset_average_filter                     0x080038a5   Thumb Code    44  moving_average.o(i.reset_average_filter)
    reset_encoder                            0x080038d5   Thumb Code    40  motor_encoder.o(i.reset_encoder)
    reset_pid                                0x08003901   Thumb Code    14  pid_control.o(i.reset_pid)
    robot_control_handle_cmd                 0x08003915   Thumb Code   104  robot_control.o(i.robot_control_handle_cmd)
    robot_control_init                       0x08003999   Thumb Code   282  robot_control.o(i.robot_control_init)
    robot_control_telem_send                 0x08003b05   Thumb Code     6  robot_control.o(i.robot_control_telem_send)
    robot_control_update                     0x08003b11   Thumb Code   222  robot_control.o(i.robot_control_update)
    set_pid                                  0x08003c29   Thumb Code    30  pid_control.o(i.set_pid)
    set_speed_open                           0x08003c4d   Thumb Code   266  motor_control.o(i.set_speed_open)
    set_speed_zero                           0x08003d69   Thumb Code    58  motor_control.o(i.set_speed_zero)
    telem_get_cmd                            0x08003da9   Thumb Code    28  usart_telemetry.o(i.telem_get_cmd)
    telem_init                               0x08003dcd   Thumb Code    12  usart_telemetry.o(i.telem_init)
    telem_rx_callback                        0x08003ddd   Thumb Code   176  usart_telemetry.o(i.telem_rx_callback)
    telem_send                               0x08003e95   Thumb Code    90  usart_telemetry.o(i.telem_send)
    __aeabi_ul2f                             0x08003ef5   Thumb Code     0  ffltll_clz.o(x$fpl$ffltll)
    _ll_uto_f                                0x08003ef5   Thumb Code     6  ffltll_clz.o(x$fpl$ffltll)
    __aeabi_l2f                              0x08003efb   Thumb Code     0  ffltll_clz.o(x$fpl$ffltll)
    _ll_sto_f                                0x08003efb   Thumb Code    90  ffltll_clz.o(x$fpl$ffltll)
    _fp_init                                 0x08003f55   Thumb Code    10  fpinit.o(x$fpl$fpinit)
    __fplib_config_fpu_vfp                   0x08003f5d   Thumb Code     0  fpinit.o(x$fpl$fpinit)
    __fplib_config_pureend_doubles           0x08003f5d   Thumb Code     0  fpinit.o(x$fpl$fpinit)
    __I$use$fp                               0x08003f5e   Number         0  usenofp.o(x$fpl$usenofp)
    AHBPrescTable                            0x08003f60   Data          16  system_stm32l4xx.o(.constdata)
    MSIRangeTable                            0x08003f70   Data          48  system_stm32l4xx.o(.constdata)
    APBPrescTable                            0x08003fa0   Data           8  system_stm32l4xx.o(.constdata)
    Region$$Table$$Base                      0x08003fa8   Number         0  anon$$obj.o(Region$$Table)
    Region$$Table$$Limit                     0x08003fc8   Number         0  anon$$obj.o(Region$$Table)
    setpoint_motor_left                      0x20000000   Data           4  main.o(.data)
    setpoint_motor_right                     0x20000004   Data           4  main.o(.data)
    pos_setpoint_left                        0x20000008   Data           4  main.o(.data)
    pos_setpoint_right                       0x2000000c   Data           4  main.o(.data)
    robot_mode                               0x20000010   Data           1  main.o(.data)
    timer_flag                               0x20000011   Data           1  main.o(.data)
    uwTickFreq                               0x20000014   Data           1  stm32l4xx_hal.o(.data)
    uwTickPrio                               0x20000018   Data           4  stm32l4xx_hal.o(.data)
    uwTick                                   0x2000001c   Data           4  stm32l4xx_hal.o(.data)
    SystemCoreClock                          0x20000020   Data           4  system_stm32l4xx.o(.data)
    motor_left                               0x20000030   Data          32  main.o(.bss)
    motor_right                              0x20000050   Data          32  main.o(.bss)
    enc_motor_left                           0x20000070   Data         864  main.o(.bss)
    enc_motor_right                          0x200003d0   Data         864  main.o(.bss)
    telem_data                               0x20000730   Data          40  main.o(.bss)
    pid_motor_left                           0x20000758   Data          36  main.o(.bss)
    pid_motor_right                          0x2000077c   Data          36  main.o(.bss)
    pid_pos_left                             0x200007a0   Data          36  main.o(.bss)
    pid_pos_right                            0x200007c4   Data          36  main.o(.bss)
    htim1                                    0x200007e8   Data          76  main.o(.bss)
    htim2                                    0x20000834   Data          76  main.o(.bss)
    htim3                                    0x20000880   Data          76  main.o(.bss)
    htim4                                    0x200008cc   Data          76  main.o(.bss)
    huart1                                   0x20000918   Data         136  main.o(.bss)
    __libspace_start                         0x20000a00   Data          96  libspace.o(.bss)
    __temporary_stack_top$libspace           0x20000a60   Data           0  libspace.o(.bss)



==============================================================================

Memory Map of the image

  Image Entry point : 0x08000189

  Load Region LR_IROM1 (Base: 0x08000000, Size: 0x00003ff8, Max: 0x00100000, ABSOLUTE)

    Execution Region ER_IROM1 (Exec base: 0x08000000, Load base: 0x08000000, Size: 0x00003fc8, Max: 0x00100000, ABSOLUTE)

    Exec Addr    Load Addr    Size         Type   Attr      Idx    E Section Name        Object

    0x08000000   0x08000000   0x00000188   Data   RO            3    RESET               startup_stm32l476xx.o
    0x08000188   0x08000188   0x00000008   Code   RO         3702  * !!!main             c_w.l(__main.o)
    0x08000190   0x08000190   0x00000034   Code   RO         3874    !!!scatter          c_w.l(__scatter.o)
    0x080001c4   0x080001c4   0x0000001a   Code   RO         3876    !!handler_copy      c_w.l(__scatter_copy.o)
    0x080001de   0x080001de   0x00000002   PAD
    0x080001e0   0x080001e0   0x0000001c   Code   RO         3878    !!handler_zi        c_w.l(__scatter_zi.o)
    0x080001fc   0x080001fc   0x00000002   Code   RO         3744    .ARM.Collect$$libinit$$00000000  c_w.l(libinit.o)
    0x080001fe   0x080001fe   0x00000004   Code   RO         3756    .ARM.Collect$$libinit$$00000001  c_w.l(libinit2.o)
    0x08000202   0x08000202   0x00000000   Code   RO         3759    .ARM.Collect$$libinit$$00000004  c_w.l(libinit2.o)
    0x08000202   0x08000202   0x00000000   Code   RO         3762    .ARM.Collect$$libinit$$0000000A  c_w.l(libinit2.o)
    0x08000202   0x08000202   0x00000000   Code   RO         3764    .ARM.Collect$$libinit$$0000000C  c_w.l(libinit2.o)
    0x08000202   0x08000202   0x00000000   Code   RO         3766    .ARM.Collect$$libinit$$0000000E  c_w.l(libinit2.o)
    0x08000202   0x08000202   0x00000000   Code   RO         3769    .ARM.Collect$$libinit$$00000011  c_w.l(libinit2.o)
    0x08000202   0x08000202   0x00000000   Code   RO         3771    .ARM.Collect$$libinit$$00000013  c_w.l(libinit2.o)
    0x08000202   0x08000202   0x00000000   Code   RO         3773    .ARM.Collect$$libinit$$00000015  c_w.l(libinit2.o)
    0x08000202   0x08000202   0x00000000   Code   RO         3775    .ARM.Collect$$libinit$$00000017  c_w.l(libinit2.o)
    0x08000202   0x08000202   0x00000000   Code   RO         3777    .ARM.Collect$$libinit$$00000019  c_w.l(libinit2.o)
    0x08000202   0x08000202   0x00000000   Code   RO         3779    .ARM.Collect$$libinit$$0000001B  c_w.l(libinit2.o)
    0x08000202   0x08000202   0x00000000   Code   RO         3781    .ARM.Collect$$libinit$$0000001D  c_w.l(libinit2.o)
    0x08000202   0x08000202   0x00000000   Code   RO         3783    .ARM.Collect$$libinit$$0000001F  c_w.l(libinit2.o)
    0x08000202   0x08000202   0x00000000   Code   RO         3785    .ARM.Collect$$libinit$$00000021  c_w.l(libinit2.o)
    0x08000202   0x08000202   0x00000000   Code   RO         3787    .ARM.Collect$$libinit$$00000023  c_w.l(libinit2.o)
    0x08000202   0x08000202   0x00000000   Code   RO         3789    .ARM.Collect$$libinit$$00000025  c_w.l(libinit2.o)
    0x08000202   0x08000202   0x00000000   Code   RO         3793    .ARM.Collect$$libinit$$0000002C  c_w.l(libinit2.o)
    0x08000202   0x08000202   0x00000000   Code   RO         3795    .ARM.Collect$$libinit$$0000002E  c_w.l(libinit2.o)
    0x08000202   0x08000202   0x00000000   Code   RO         3797    .ARM.Collect$$libinit$$00000030  c_w.l(libinit2.o)
    0x08000202   0x08000202   0x00000000   Code   RO         3799    .ARM.Collect$$libinit$$00000032  c_w.l(libinit2.o)
    0x08000202   0x08000202   0x00000002   Code   RO         3800    .ARM.Collect$$libinit$$00000033  c_w.l(libinit2.o)
    0x08000204   0x08000204   0x00000002   Code   RO         3831    .ARM.Collect$$libshutdown$$00000000  c_w.l(libshutdown.o)
    0x08000206   0x08000206   0x00000000   Code   RO         3857    .ARM.Collect$$libshutdown$$00000002  c_w.l(libshutdown2.o)
    0x08000206   0x08000206   0x00000000   Code   RO         3859    .ARM.Collect$$libshutdown$$00000004  c_w.l(libshutdown2.o)
    0x08000206   0x08000206   0x00000000   Code   RO         3862    .ARM.Collect$$libshutdown$$00000007  c_w.l(libshutdown2.o)
    0x08000206   0x08000206   0x00000000   Code   RO         3865    .ARM.Collect$$libshutdown$$0000000A  c_w.l(libshutdown2.o)
    0x08000206   0x08000206   0x00000000   Code   RO         3867    .ARM.Collect$$libshutdown$$0000000C  c_w.l(libshutdown2.o)
    0x08000206   0x08000206   0x00000000   Code   RO         3870    .ARM.Collect$$libshutdown$$0000000F  c_w.l(libshutdown2.o)
    0x08000206   0x08000206   0x00000002   Code   RO         3871    .ARM.Collect$$libshutdown$$00000010  c_w.l(libshutdown2.o)
    0x08000208   0x08000208   0x00000000   Code   RO         3706    .ARM.Collect$$rtentry$$00000000  c_w.l(__rtentry.o)
    0x08000208   0x08000208   0x00000000   Code   RO         3715    .ARM.Collect$$rtentry$$00000002  c_w.l(__rtentry2.o)
    0x08000208   0x08000208   0x00000006   Code   RO         3727    .ARM.Collect$$rtentry$$00000004  c_w.l(__rtentry4.o)
    0x0800020e   0x0800020e   0x00000000   Code   RO         3717    .ARM.Collect$$rtentry$$00000009  c_w.l(__rtentry2.o)
    0x0800020e   0x0800020e   0x00000004   Code   RO         3718    .ARM.Collect$$rtentry$$0000000A  c_w.l(__rtentry2.o)
    0x08000212   0x08000212   0x00000000   Code   RO         3720    .ARM.Collect$$rtentry$$0000000C  c_w.l(__rtentry2.o)
    0x08000212   0x08000212   0x00000008   Code   RO         3721    .ARM.Collect$$rtentry$$0000000D  c_w.l(__rtentry2.o)
    0x0800021a   0x0800021a   0x00000002   Code   RO         3748    .ARM.Collect$$rtexit$$00000000  c_w.l(rtexit.o)
    0x0800021c   0x0800021c   0x00000000   Code   RO         3804    .ARM.Collect$$rtexit$$00000002  c_w.l(rtexit2.o)
    0x0800021c   0x0800021c   0x00000004   Code   RO         3805    .ARM.Collect$$rtexit$$00000003  c_w.l(rtexit2.o)
    0x08000220   0x08000220   0x00000006   Code   RO         3806    .ARM.Collect$$rtexit$$00000004  c_w.l(rtexit2.o)
    0x08000226   0x08000226   0x00000002   PAD
    0x08000228   0x08000228   0x00000040   Code   RO            4    .text               startup_stm32l476xx.o
    0x08000268   0x08000268   0x000000ee   Code   RO         3694    .text               c_w.l(lludivv7m.o)
    0x08000356   0x08000356   0x0000008a   Code   RO         3696    .text               c_w.l(rt_memcpy_v6.o)
    0x080003e0   0x080003e0   0x0000004e   Code   RO         3698    .text               c_w.l(rt_memclr_w.o)
    0x0800042e   0x0800042e   0x00000006   Code   RO         3700    .text               c_w.l(heapauxi.o)
    0x08000434   0x08000434   0x00000064   Code   RO         3711    .text               c_w.l(rt_memcpy_w.o)
    0x08000498   0x08000498   0x0000004a   Code   RO         3731    .text               c_w.l(sys_stackheap_outer.o)
    0x080004e2   0x080004e2   0x00000012   Code   RO         3733    .text               c_w.l(exit.o)
    0x080004f4   0x080004f4   0x00000008   Code   RO         3745    .text               c_w.l(libspace.o)
    0x080004fc   0x080004fc   0x0000000c   Code   RO         3801    .text               c_w.l(sys_exit.o)
    0x08000508   0x08000508   0x00000002   Code   RO         3820    .text               c_w.l(use_no_semi.o)
    0x0800050a   0x0800050a   0x00000000   Code   RO         3822    .text               c_w.l(indicate_semi.o)
    0x0800050a   0x0800050a   0x00000002   Code   RO          235    i.BusFault_Handler  stm32l4xx_it.o
    0x0800050c   0x0800050c   0x00000002   Code   RO          236    i.DebugMon_Handler  stm32l4xx_it.o
    0x0800050e   0x0800050e   0x00000004   Code   RO           13    i.Error_Handler     main.o
    0x08000512   0x08000512   0x0000004c   Code   RO         2205    i.HAL_DMA_Abort     stm32l4xx_hal_dma.o
    0x0800055e   0x0800055e   0x0000004e   Code   RO         2206    i.HAL_DMA_Abort_IT  stm32l4xx_hal_dma.o
    0x080005ac   0x080005ac   0x0000021e   Code   RO         2105    i.HAL_GPIO_Init     stm32l4xx_hal_gpio.o
    0x080007ca   0x080007ca   0x0000000a   Code   RO         2109    i.HAL_GPIO_WritePin  stm32l4xx_hal_gpio.o
    0x080007d4   0x080007d4   0x0000000c   Code   RO         1413    i.HAL_GetTick       stm32l4xx_hal.o
    0x080007e0   0x080007e0   0x00000010   Code   RO         1419    i.HAL_IncTick       stm32l4xx_hal.o
    0x080007f0   0x080007f0   0x0000001e   Code   RO         1420    i.HAL_Init          stm32l4xx_hal.o
    0x0800080e   0x0800080e   0x00000002   PAD
    0x08000810   0x08000810   0x00000044   Code   RO         1421    i.HAL_InitTick      stm32l4xx_hal.o
    0x08000854   0x08000854   0x0000002c   Code   RO          323    i.HAL_MspInit       stm32l4xx_hal_msp.o
    0x08000880   0x08000880   0x0000001a   Code   RO         2702    i.HAL_NVIC_EnableIRQ  stm32l4xx_hal_cortex.o
    0x0800089a   0x0800089a   0x00000002   PAD
    0x0800089c   0x0800089c   0x00000040   Code   RO         2708    i.HAL_NVIC_SetPriority  stm32l4xx_hal_cortex.o
    0x080008dc   0x080008dc   0x00000024   Code   RO         2709    i.HAL_NVIC_SetPriorityGrouping  stm32l4xx_hal_cortex.o
    0x08000900   0x08000900   0x00000068   Code   RO         2432    i.HAL_PWREx_ControlVoltageScaling  stm32l4xx_hal_pwr_ex.o
    0x08000968   0x08000968   0x00000010   Code   RO         2465    i.HAL_PWREx_GetVoltageRange  stm32l4xx_hal_pwr_ex.o
    0x08000978   0x08000978   0x000003ae   Code   RO         1758    i.HAL_RCCEx_PeriphCLKConfig  stm32l4xx_hal_rcc_ex.o
    0x08000d26   0x08000d26   0x00000002   PAD
    0x08000d28   0x08000d28   0x00000144   Code   RO         1637    i.HAL_RCC_ClockConfig  stm32l4xx_hal_rcc.o
    0x08000e6c   0x08000e6c   0x00000024   Code   RO         1643    i.HAL_RCC_GetPCLK1Freq  stm32l4xx_hal_rcc.o
    0x08000e90   0x08000e90   0x00000024   Code   RO         1644    i.HAL_RCC_GetPCLK2Freq  stm32l4xx_hal_rcc.o
    0x08000eb4   0x08000eb4   0x000000a4   Code   RO         1646    i.HAL_RCC_GetSysClockFreq  stm32l4xx_hal_rcc.o
    0x08000f58   0x08000f58   0x00000518   Code   RO         1649    i.HAL_RCC_OscConfig  stm32l4xx_hal_rcc.o
    0x08001470   0x08001470   0x00000028   Code   RO         2713    i.HAL_SYSTICK_Config  stm32l4xx_hal_cortex.o
    0x08001498   0x08001498   0x00000002   Code   RO         1117    i.HAL_TIMEx_Break2Callback  stm32l4xx_hal_tim_ex.o
    0x0800149a   0x0800149a   0x00000002   Code   RO         1118    i.HAL_TIMEx_BreakCallback  stm32l4xx_hal_tim_ex.o
    0x0800149c   0x0800149c   0x00000002   Code   RO         1119    i.HAL_TIMEx_CommutCallback  stm32l4xx_hal_tim_ex.o
    0x0800149e   0x0800149e   0x00000002   PAD
    0x080014a0   0x080014a0   0x0000008c   Code   RO         1121    i.HAL_TIMEx_ConfigBreakDeadTime  stm32l4xx_hal_tim_ex.o
    0x0800152c   0x0800152c   0x0000009c   Code   RO         1139    i.HAL_TIMEx_MasterConfigSynchronization  stm32l4xx_hal_tim_ex.o
    0x080015c8   0x080015c8   0x00000062   Code   RO          403    i.HAL_TIM_Base_Init  stm32l4xx_hal_tim.o
    0x0800162a   0x0800162a   0x00000002   PAD
    0x0800162c   0x0800162c   0x0000003c   Code   RO          325    i.HAL_TIM_Base_MspInit  stm32l4xx_hal_msp.o
    0x08001668   0x08001668   0x00000080   Code   RO          408    i.HAL_TIM_Base_Start_IT  stm32l4xx_hal_tim.o
    0x080016e8   0x080016e8   0x000000e0   Code   RO          412    i.HAL_TIM_ConfigClockSource  stm32l4xx_hal_tim.o
    0x080017c8   0x080017c8   0x000000a8   Code   RO          424    i.HAL_TIM_Encoder_Init  stm32l4xx_hal_tim.o
    0x08001870   0x08001870   0x00000098   Code   RO          327    i.HAL_TIM_Encoder_MspInit  stm32l4xx_hal_msp.o
    0x08001908   0x08001908   0x0000008e   Code   RO          427    i.HAL_TIM_Encoder_Start  stm32l4xx_hal_tim.o
    0x08001996   0x08001996   0x00000002   Code   RO          437    i.HAL_TIM_IC_CaptureCallback  stm32l4xx_hal_tim.o
    0x08001998   0x08001998   0x0000014a   Code   RO          451    i.HAL_TIM_IRQHandler  stm32l4xx_hal_tim.o
    0x08001ae2   0x08001ae2   0x00000002   PAD
    0x08001ae4   0x08001ae4   0x00000054   Code   RO          328    i.HAL_TIM_MspPostInit  stm32l4xx_hal_msp.o
    0x08001b38   0x08001b38   0x00000002   Code   RO          454    i.HAL_TIM_OC_DelayElapsedCallback  stm32l4xx_hal_tim.o
    0x08001b3a   0x08001b3a   0x00000124   Code   RO          475    i.HAL_TIM_PWM_ConfigChannel  stm32l4xx_hal_tim.o
    0x08001c5e   0x08001c5e   0x00000062   Code   RO          478    i.HAL_TIM_PWM_Init  stm32l4xx_hal_tim.o
    0x08001cc0   0x08001cc0   0x00000028   Code   RO          330    i.HAL_TIM_PWM_MspInit  stm32l4xx_hal_msp.o
    0x08001ce8   0x08001ce8   0x00000002   Code   RO          481    i.HAL_TIM_PWM_PulseFinishedCallback  stm32l4xx_hal_tim.o
    0x08001cea   0x08001cea   0x00000002   PAD
    0x08001cec   0x08001cec   0x00000104   Code   RO          483    i.HAL_TIM_PWM_Start  stm32l4xx_hal_tim.o
    0x08001df0   0x08001df0   0x00000018   Code   RO           14    i.HAL_TIM_PeriodElapsedCallback  main.o
    0x08001e08   0x08001e08   0x00000002   Code   RO          494    i.HAL_TIM_TriggerCallback  stm32l4xx_hal_tim.o
    0x08001e0a   0x08001e0a   0x00000002   Code   RO         2923    i.HAL_UARTEx_RxEventCallback  stm32l4xx_hal_uart.o
    0x08001e0c   0x08001e0c   0x00000002   Code   RO         3317    i.HAL_UARTEx_WakeupCallback  stm32l4xx_hal_uart_ex.o
    0x08001e0e   0x08001e0e   0x00000002   Code   RO         2939    i.HAL_UART_ErrorCallback  stm32l4xx_hal_uart.o
    0x08001e10   0x08001e10   0x000002c8   Code   RO         2942    i.HAL_UART_IRQHandler  stm32l4xx_hal_uart.o
    0x080020d8   0x080020d8   0x00000066   Code   RO         2943    i.HAL_UART_Init     stm32l4xx_hal_uart.o
    0x0800213e   0x0800213e   0x00000002   PAD
    0x08002140   0x08002140   0x00000090   Code   RO          332    i.HAL_UART_MspInit  stm32l4xx_hal_msp.o
    0x080021d0   0x080021d0   0x00000048   Code   RO         2948    i.HAL_UART_Receive_IT  stm32l4xx_hal_uart.o
    0x08002218   0x08002218   0x00000014   Code   RO           15    i.HAL_UART_RxCpltCallback  main.o
    0x0800222c   0x0800222c   0x000000b2   Code   RO         2952    i.HAL_UART_Transmit  stm32l4xx_hal_uart.o
    0x080022de   0x080022de   0x00000002   Code   RO         2955    i.HAL_UART_TxCpltCallback  stm32l4xx_hal_uart.o
    0x080022e0   0x080022e0   0x00000002   Code   RO          237    i.HardFault_Handler  stm32l4xx_it.o
    0x080022e2   0x080022e2   0x00000002   PAD
    0x080022e4   0x080022e4   0x00000094   Code   RO           16    i.MX_GPIO_Init      main.o
    0x08002378   0x08002378   0x000000c0   Code   RO           17    i.MX_TIM1_Init      main.o
    0x08002438   0x08002438   0x00000068   Code   RO           18    i.MX_TIM2_Init      main.o
    0x080024a0   0x080024a0   0x0000006c   Code   RO           19    i.MX_TIM3_Init      main.o
    0x0800250c   0x0800250c   0x00000068   Code   RO           20    i.MX_TIM4_Init      main.o
    0x08002574   0x08002574   0x00000038   Code   RO           21    i.MX_USART1_UART_Init  main.o
    0x080025ac   0x080025ac   0x00000002   Code   RO          238    i.MemManage_Handler  stm32l4xx_it.o
    0x080025ae   0x080025ae   0x00000002   Code   RO          239    i.NMI_Handler       stm32l4xx_it.o
    0x080025b0   0x080025b0   0x00000002   Code   RO          240    i.PendSV_Handler    stm32l4xx_it.o
    0x080025b2   0x080025b2   0x00000002   PAD
    0x080025b4   0x080025b4   0x0000012c   Code   RO         1762    i.RCCEx_PLLSAI1_Config  stm32l4xx_hal_rcc_ex.o
    0x080026e0   0x080026e0   0x00000108   Code   RO         1763    i.RCCEx_PLLSAI2_Config  stm32l4xx_hal_rcc_ex.o
    0x080027e8   0x080027e8   0x0000007c   Code   RO         1650    i.RCC_SetFlashLatencyFromMSIRange  stm32l4xx_hal_rcc.o
    0x08002864   0x08002864   0x00000002   Code   RO          241    i.SVC_Handler       stm32l4xx_it.o
    0x08002866   0x08002866   0x00000004   Code   RO          242    i.SysTick_Handler   stm32l4xx_it.o
    0x0800286a   0x0800286a   0x00000072   Code   RO           22    i.SystemClock_Config  main.o
    0x080028dc   0x080028dc   0x00000010   Code   RO         3397    i.SystemInit        system_stm32l4xx.o
    0x080028ec   0x080028ec   0x0000000c   Code   RO          243    i.TIM4_IRQHandler   stm32l4xx_it.o
    0x080028f8   0x080028f8   0x000000c8   Code   RO          496    i.TIM_Base_SetConfig  stm32l4xx_hal_tim.o
    0x080029c0   0x080029c0   0x0000001a   Code   RO          497    i.TIM_CCxChannelCmd  stm32l4xx_hal_tim.o
    0x080029da   0x080029da   0x00000014   Code   RO          507    i.TIM_ETR_SetConfig  stm32l4xx_hal_tim.o
    0x080029ee   0x080029ee   0x00000010   Code   RO          508    i.TIM_ITRx_SetConfig  stm32l4xx_hal_tim.o
    0x080029fe   0x080029fe   0x00000002   PAD
    0x08002a00   0x08002a00   0x000000a4   Code   RO          509    i.TIM_OC1_SetConfig  stm32l4xx_hal_tim.o
    0x08002aa4   0x08002aa4   0x00000094   Code   RO          510    i.TIM_OC2_SetConfig  stm32l4xx_hal_tim.o
    0x08002b38   0x08002b38   0x00000094   Code   RO          511    i.TIM_OC3_SetConfig  stm32l4xx_hal_tim.o
    0x08002bcc   0x08002bcc   0x00000074   Code   RO          512    i.TIM_OC4_SetConfig  stm32l4xx_hal_tim.o
    0x08002c40   0x08002c40   0x00000070   Code   RO          513    i.TIM_OC5_SetConfig  stm32l4xx_hal_tim.o
    0x08002cb0   0x08002cb0   0x00000070   Code   RO          514    i.TIM_OC6_SetConfig  stm32l4xx_hal_tim.o
    0x08002d20   0x08002d20   0x0000005c   Code   RO          516    i.TIM_TI1_ConfigInputStage  stm32l4xx_hal_tim.o
    0x08002d7c   0x08002d7c   0x00000040   Code   RO          518    i.TIM_TI2_ConfigInputStage  stm32l4xx_hal_tim.o
    0x08002dbc   0x08002dbc   0x000000c8   Code   RO         2957    i.UART_AdvFeatureConfig  stm32l4xx_hal_uart.o
    0x08002e84   0x08002e84   0x000000a8   Code   RO         2958    i.UART_CheckIdleState  stm32l4xx_hal_uart.o
    0x08002f2c   0x08002f2c   0x0000000a   Code   RO         2959    i.UART_DMAAbortOnError  stm32l4xx_hal_uart.o
    0x08002f36   0x08002f36   0x0000004c   Code   RO         2969    i.UART_EndRxTransfer  stm32l4xx_hal_uart.o
    0x08002f82   0x08002f82   0x00000002   PAD
    0x08002f84   0x08002f84   0x000000c8   Code   RO         2971    i.UART_RxISR_16BIT  stm32l4xx_hal_uart.o
    0x0800304c   0x0800304c   0x000000c8   Code   RO         2972    i.UART_RxISR_8BIT   stm32l4xx_hal_uart.o
    0x08003114   0x08003114   0x00000248   Code   RO         2973    i.UART_SetConfig    stm32l4xx_hal_uart.o
    0x0800335c   0x0800335c   0x000000b8   Code   RO         2975    i.UART_Start_Receive_IT  stm32l4xx_hal_uart.o
    0x08003414   0x08003414   0x00000094   Code   RO         2978    i.UART_WaitOnFlagUntilTimeout  stm32l4xx_hal_uart.o
    0x080034a8   0x080034a8   0x0000000c   Code   RO          244    i.USART1_IRQHandler  stm32l4xx_it.o
    0x080034b4   0x080034b4   0x00000002   Code   RO          245    i.UsageFault_Handler  stm32l4xx_it.o
    0x080034b6   0x080034b6   0x00000020   Code   RO         2715    i.__NVIC_SetPriority  stm32l4xx_hal_cortex.o
    0x080034d6   0x080034d6   0x00000060   Code   RO         3566    i.apply_average_filter  moving_average.o
    0x08003536   0x08003536   0x000000d8   Code   RO         3527    i.apply_pid         pid_control.o
    0x0800360e   0x0800360e   0x00000032   Code   RO         3596    i.crc8_calc         usart_telemetry.o
    0x08003640   0x08003640   0x00000014   Code   RO         3435    i.enable_motor      motor_control.o
    0x08003654   0x08003654   0x00000040   Code   RO         3485    i.encoder_init      motor_encoder.o
    0x08003694   0x08003694   0x0000013c   Code   RO         3486    i.get_encoder_speed  motor_encoder.o
    0x080037d0   0x080037d0   0x00000058   Code   RO           23    i.main              main.o
    0x08003828   0x08003828   0x0000007c   Code   RO         3436    i.motor_init        motor_control.o
    0x080038a4   0x080038a4   0x00000030   Code   RO         3567    i.reset_average_filter  moving_average.o
    0x080038d4   0x080038d4   0x0000002c   Code   RO         3487    i.reset_encoder     motor_encoder.o
    0x08003900   0x08003900   0x00000014   Code   RO         3528    i.reset_pid         pid_control.o
    0x08003914   0x08003914   0x00000084   Code   RO         3649    i.robot_control_handle_cmd  robot_control.o
    0x08003998   0x08003998   0x0000016c   Code   RO         3650    i.robot_control_init  robot_control.o
    0x08003b04   0x08003b04   0x0000000c   Code   RO         3651    i.robot_control_telem_send  robot_control.o
    0x08003b10   0x08003b10   0x00000118   Code   RO         3652    i.robot_control_update  robot_control.o
    0x08003c28   0x08003c28   0x00000024   Code   RO         3529    i.set_pid           pid_control.o
    0x08003c4c   0x08003c4c   0x0000011c   Code   RO         3437    i.set_speed_open    motor_control.o
    0x08003d68   0x08003d68   0x00000040   Code   RO         3438    i.set_speed_zero    motor_control.o
    0x08003da8   0x08003da8   0x00000024   Code   RO         3597    i.telem_get_cmd     usart_telemetry.o
    0x08003dcc   0x08003dcc   0x00000010   Code   RO         3598    i.telem_init        usart_telemetry.o
    0x08003ddc   0x08003ddc   0x000000b8   Code   RO         3599    i.telem_rx_callback  usart_telemetry.o
    0x08003e94   0x08003e94   0x00000060   Code   RO         3600    i.telem_send        usart_telemetry.o
    0x08003ef4   0x08003ef4   0x00000060   Code   RO         3704    x$fpl$ffltll        fz_wm.l(ffltll_clz.o)
    0x08003f54   0x08003f54   0x0000000a   Code   RO         3816    x$fpl$fpinit        fz_wm.l(fpinit.o)
    0x08003f5e   0x08003f5e   0x00000000   Code   RO         3713    x$fpl$usenofp       fz_wm.l(usenofp.o)
    0x08003f5e   0x08003f5e   0x00000002   PAD
    0x08003f60   0x08003f60   0x00000040   Data   RO         3398    .constdata          system_stm32l4xx.o
    0x08003fa0   0x08003fa0   0x00000008   Data   RO         3399    .constdata          system_stm32l4xx.o
    0x08003fa8   0x08003fa8   0x00000020   Data   RO         3872    Region$$Table       anon$$obj.o


    Execution Region RW_IRAM2 (Exec base: 0x10000000, Load base: 0x08003ff8, Size: 0x00000000, Max: 0x00008000, ABSOLUTE)

    **** No section assigned to this execution region ****


    Execution Region RW_IRAM1 (Exec base: 0x20000000, Load base: 0x08003fc8, Size: 0x00001060, Max: 0x00018000, ABSOLUTE)

    Exec Addr    Load Addr    Size         Type   Attr      Idx    E Section Name        Object

    0x20000000   0x08003fc8   0x00000004   Data   RW           34    .data               main.o
    0x20000004   0x08003fcc   0x00000004   Data   RW           35    .data               main.o
    0x20000008   0x08003fd0   0x00000004   Data   RW           36    .data               main.o
    0x2000000c   0x08003fd4   0x00000004   Data   RW           37    .data               main.o
    0x20000010   0x08003fd8   0x00000001   Data   RW           38    .data               main.o
    0x20000011   0x08003fd9   0x00000001   Data   RW           39    .data               main.o
    0x20000012   0x08003fda   0x00000002   PAD
    0x20000014   0x08003fdc   0x0000000c   Data   RW         1437    .data               stm32l4xx_hal.o
    0x20000020   0x08003fe8   0x00000004   Data   RW         3400    .data               system_stm32l4xx.o
    0x20000024   0x08003fec   0x0000000c   Data   RW         3602    .data               usart_telemetry.o
    0x20000030        -       0x00000020   Zero   RW           24    .bss                main.o
    0x20000050        -       0x00000020   Zero   RW           25    .bss                main.o
    0x20000070        -       0x00000360   Zero   RW           26    .bss                main.o
    0x200003d0        -       0x00000360   Zero   RW           27    .bss                main.o
    0x20000730        -       0x00000028   Zero   RW           28    .bss                main.o
    0x20000758        -       0x00000024   Zero   RW           29    .bss                main.o
    0x2000077c        -       0x00000024   Zero   RW           30    .bss                main.o
    0x200007a0        -       0x00000024   Zero   RW           31    .bss                main.o
    0x200007c4        -       0x00000024   Zero   RW           32    .bss                main.o
    0x200007e8        -       0x000001b8   Zero   RW           33    .bss                main.o
    0x200009a0        -       0x00000060   Zero   RW         3601    .bss                usart_telemetry.o
    0x20000a00        -       0x00000060   Zero   RW         3746    .bss                c_w.l(libspace.o)
    0x20000a60        -       0x00000200   Zero   RW            2    HEAP                startup_stm32l476xx.o
    0x20000c60        -       0x00000400   Zero   RW            1    STACK               startup_stm32l476xx.o


==============================================================================

Image component sizes


      Code (inc. data)   RO Data    RW Data    ZI Data      Debug   Object Name

       962         70          0         18       2416     852402   main.o
       492         30          0          0          0       3906   motor_control.o
       424         24          0          0          0       3955   motor_encoder.o
       144          4          0          0          0       1698   moving_average.o
       272         12          0          0          0       3042   pid_control.o
       788        174          0          0          0       2758   robot_control.o
        64         26        392          0       1536        880   startup_stm32l476xx.o
       126         20          0         12          0      14005   stm32l4xx_hal.o
       198         14          0          0          0      34055   stm32l4xx_hal_cortex.o
       154          0          0          0          0       1883   stm32l4xx_hal_dma.o
       552         36          0          0          0       2464   stm32l4xx_hal_gpio.o
       524         60          0          0          0       4662   stm32l4xx_hal_msp.o
       120         20          0          0          0       1438   stm32l4xx_hal_pwr_ex.o
      1988         98          0          0          0       7188   stm32l4xx_hal_rcc.o
      1506         44          0          0          0       4196   stm32l4xx_hal_rcc_ex.o
      2966        282          0          0          0      20947   stm32l4xx_hal_tim.o
       302         34          0          0          0       4200   stm32l4xx_hal_tim_ex.o
      2840         94          0          0          0      15397   stm32l4xx_hal_uart.o
         2          0          0          0          0       1096   stm32l4xx_hal_uart_ex.o
        44         12          0          0          0       5492   stm32l4xx_it.o
        16          4         72          4          0       1293   system_stm32l4xx.o
       382         32          0         12         96       5454   usart_telemetry.o

    ----------------------------------------------------------------------
     14890       1090        496         48       4048     992411   Object Totals
         0          0         32          0          0          0   (incl. Generated)
        24          0          0          2          0          0   (incl. Padding)

    ----------------------------------------------------------------------

      Code (inc. data)   RO Data    RW Data    ZI Data      Debug   Library Member Name

         8          0          0          0          0         68   __main.o
         0          0          0          0          0          0   __rtentry.o
        12          0          0          0          0          0   __rtentry2.o
         6          0          0          0          0          0   __rtentry4.o
        52          8          0          0          0          0   __scatter.o
        26          0          0          0          0          0   __scatter_copy.o
        28          0          0          0          0          0   __scatter_zi.o
        18          0          0          0          0         80   exit.o
         6          0          0          0          0        152   heapauxi.o
         0          0          0          0          0          0   indicate_semi.o
         2          0          0          0          0          0   libinit.o
         6          0          0          0          0          0   libinit2.o
         2          0          0          0          0          0   libshutdown.o
         2          0          0          0          0          0   libshutdown2.o
         8          4          0          0         96         68   libspace.o
       238          0          0          0          0        100   lludivv7m.o
        78          0          0          0          0         80   rt_memclr_w.o
       138          0          0          0          0         68   rt_memcpy_v6.o
       100          0          0          0          0         80   rt_memcpy_w.o
         2          0          0          0          0          0   rtexit.o
        10          0          0          0          0          0   rtexit2.o
        12          4          0          0          0         68   sys_exit.o
        74          0          0          0          0         80   sys_stackheap_outer.o
         2          0          0          0          0         68   use_no_semi.o
        96          0          0          0          0        132   ffltll_clz.o
        10          0          0          0          0        116   fpinit.o
         0          0          0          0          0          0   usenofp.o

    ----------------------------------------------------------------------
       942         16          0          0         96       1160   Library Totals
         6          0          0          0          0          0   (incl. Padding)

    ----------------------------------------------------------------------

      Code (inc. data)   RO Data    RW Data    ZI Data      Debug   Library Name

       830         16          0          0         96        912   c_w.l
       106          0          0          0          0        248   fz_wm.l

    ----------------------------------------------------------------------
       942         16          0          0         96       1160   Library Totals

    ----------------------------------------------------------------------

==============================================================================


      Code (inc. data)   RO Data    RW Data    ZI Data      Debug   

     15832       1106        496         48       4144     982407   Grand Totals
     15832       1106        496         48       4144     982407   ELF Image Totals
     15832       1106        496         48          0          0   ROM Totals

==============================================================================

    Total RO  Size (Code + RO Data)                16328 (  15.95kB)
    Total RW  Size (RW Data + ZI Data)              4192 (   4.09kB)
    Total ROM Size (Code + RO Data + RW Data)      16376 (  15.99kB)

==============================================================================

