<html>
<body>
<pre>
<h1>µVision Build Log</h1>
<h2>Tool Versions:</h2>
IDE-Version: µVision V5.28.0.0
Copyright (C) 2019 ARM Ltd and ARM Germany GmbH. All rights reserved.
License Information: nhat tran, EIU, LIC=BUURY-IWL5U-12NLE-50C4Y-V2YWU-9QL4N
 
Tool Versions:
Toolchain:       MDK-ARM Plus  Version: 5.28.0.0
Toolchain Path:  C:\Keil_v5\ARM\ARMCC\Bin
C Compiler:      Armcc.exe V5.06 update 6 (build 750)
Assembler:       Armasm.exe V5.06 update 6 (build 750)
Linker/Locator:  ArmLink.exe V5.06 update 6 (build 750)
Library Manager: ArmAr.exe V5.06 update 6 (build 750)
Hex Converter:   FromElf.exe V5.06 update 6 (build 750)
CPU DLL:         SARMCM3.DLL V5.28.0.0
Dialog DLL:      DCM.DLL V1.17.3.0
Target DLL:      STLink\ST-LINKIII-KEIL_SWO.dll V3.0.6.0
Dialog DLL:      TCM.DLL V1.36.2.0
 
<h2>Project:</h2>
D:\FabLab\Workshop-2026\STM32-Balancing\STM32-Learning\Buzzer_2700Hz\MDK-ARM\Buzzer_2700Hz.uvprojx
Project File Date:  05/01/2026

<h2>Output:</h2>
*** Using Compiler 'V5.06 update 6 (build 750)', folder: 'C:\Keil_v5\ARM\ARMCC\Bin'
Build target 'Buzzer_2700Hz'
compiling main.c...
..\source_code\notes.h(47): warning:  #1-D: last line of file ends without a newline
  #endif
..\source_code\buzzer.h(56): warning:  #1-D: last line of file ends without a newline
  #endif
../Core/Src/main.c(69): warning:  #177-D: variable "arr"  was declared but never referenced
  	uint32_t arr;
../Core/Src/main.c(136): warning:  #177-D: variable "play_count"  was declared but never referenced
  	uint8_t play_count = 0;
../Core/Src/main.c(137): warning:  #177-D: variable "play_max"  was declared but never referenced
  	uint8_t play_max   = 3;
../Core/Src/main.c: 5 warnings, 0 errors
linking...
Program Size: Code=10340 RO-data=488 RW-data=16 ZI-data=1848  
FromELF: creating hex file...
"Buzzer_2700Hz\Buzzer_2700Hz.axf" - 0 Error(s), 5 Warning(s).

<h2>Software Packages used:</h2>

Package Vendor: ARM
                http://www.keil.com/pack/ARM.CMSIS.5.5.1.pack
                ARM.CMSIS.5.5.1
                CMSIS (Cortex Microcontroller Software Interface Standard)
   * Component: CORE Version: 5.2.0

Package Vendor: Keil
                http://www.keil.com/pack/Keil.STM32L4xx_DFP.2.6.1.pack
                Keil.STM32L4xx_DFP.2.6.1
                STMicroelectronics STM32L4 Series Device Support, Drivers and Examples

<h2>Collection of Component include folders:</h2>
  .\RTE\_Buzzer_2700Hz
  C:\Users\dnnev\AppData\Local\Arm\Packs\ARM\CMSIS\5.5.1\CMSIS\Core\Include
  C:\Users\dnnev\AppData\Local\Arm\Packs\Keil\STM32L4xx_DFP\2.6.1\Drivers\CMSIS\Device\ST\STM32L4xx\Include

<h2>Collection of Component Files used:</h2>

   * Component: ARM::CMSIS:CORE:5.2.0
Build Time Elapsed:  00:00:02
</pre>
</body>
</html>
